Sep 26 17:37:12 raspberrypi kernel: [77616.197136] brcmfmac: brcmf_cfg80211_stop_ap: setting INFRA mode failed -7
Sep 26 17:37:32 raspberrypi kernel: [    0.000000] Booting Linux on physical CPU 0x0
Sep 26 17:37:32 raspberrypi kernel: [    0.000000] Linux version 4.9.35+ (dc4@dc4-XPS13-9333) (gcc version 4.9.3 (crosstool-NG crosstool-ng-1.22.0-88-g8460611) ) #1014 Fri Jun 30 14:34:49 BST 2017
Sep 26 17:37:32 raspberrypi kernel: [    0.000000] CPU: ARMv6-compatible processor [410fb767] revision 7 (ARMv7), cr=00c5387d
Sep 26 17:37:32 raspberrypi kernel: [    0.000000] CPU: PIPT / VIPT nonaliasing data cache, VIPT nonaliasing instruction cache
Sep 26 17:37:32 raspberrypi kernel: [    0.000000] OF: fdt:Machine model: Raspberry Pi Zero W Rev 1.1
Sep 26 17:37:32 raspberrypi kernel: [    0.000000] cma: Reserved 8 MiB at 0x1b400000
Sep 26 17:37:32 raspberrypi kernel: [    0.000000] Memory policy: Data cache writeback
Sep 26 17:37:32 raspberrypi kernel: [    0.000000] On node 0 totalpages: 114688
Sep 26 17:37:32 raspberrypi kernel: [    0.000000] free_area_init_node: node 0, pgdat c0914874, node_mem_map db010000
Sep 26 17:37:32 raspberrypi kernel: [    0.000000]   Normal zone: 1008 pages used for memmap
Sep 26 17:37:32 raspberrypi kernel: [    0.000000]   Normal zone: 0 pages reserved
Sep 26 17:37:32 raspberrypi kernel: [    0.000000]   Normal zone: 114688 pages, LIFO batch:31
Sep 26 17:37:32 raspberrypi kernel: [    0.000000] pcpu-alloc: s0 r0 d32768 u32768 alloc=1*32768
Sep 26 17:37:32 raspberrypi kernel: [    0.000000] pcpu-alloc: [0] 0 
Sep 26 17:37:32 raspberrypi kernel: [    0.000000] Built 1 zonelists in Zone order, mobility grouping on.  Total pages: 113680
Sep 26 17:37:32 raspberrypi kernel: [    0.000000] Kernel command line: 8250.nr_uarts=1 bcm2708_fb.fbwidth=640 bcm2708_fb.fbheight=480 bcm2708_fb.fbswap=1 smsc95xx.macaddr=B8:27:EB:5C:98:6F vc_mem.mem_base=0x1ec00000 vc_mem.mem_size=0x20000000  dwc_otg.lpm_enable=0 console=tty1 root=/dev/mmcblk0p2 rootfstype=ext4 elevator=deadline rootwait fbcon=map:10 fbcon=font:ProFont6x11 logo.nologo
Sep 26 17:37:32 raspberrypi kernel: [    0.000000] PID hash table entries: 2048 (order: 1, 8192 bytes)
Sep 26 17:37:32 raspberrypi kernel: [    0.000000] Dentry cache hash table entries: 65536 (order: 6, 262144 bytes)
Sep 26 17:37:32 raspberrypi kernel: [    0.000000] Inode-cache hash table entries: 32768 (order: 5, 131072 bytes)
Sep 26 17:37:32 raspberrypi kernel: [    0.000000] Memory: 435936K/458752K available (5946K kernel code, 489K rwdata, 1948K rodata, 400K init, 734K bss, 14624K reserved, 8192K cma-reserved)
Sep 26 17:37:32 raspberrypi kernel: [    0.000000] Virtual kernel memory layout:
Sep 26 17:37:32 raspberrypi kernel: [    0.000000]     vector  : 0xffff0000 - 0xffff1000   (   4 kB)
Sep 26 17:37:32 raspberrypi kernel: [    0.000000]     fixmap  : 0xffc00000 - 0xfff00000   (3072 kB)
Sep 26 17:37:32 raspberrypi kernel: [    0.000000]     vmalloc : 0xdc800000 - 0xff800000   ( 560 MB)
Sep 26 17:37:32 raspberrypi kernel: [    0.000000]     lowmem  : 0xc0000000 - 0xdc000000   ( 448 MB)
Sep 26 17:37:32 raspberrypi kernel: [    0.000000]     modules : 0xbf000000 - 0xc0000000   (  16 MB)
Sep 26 17:37:32 raspberrypi kernel: [    0.000000]       .text : 0xc0008000 - 0xc05d6bbc   (5947 kB)
Sep 26 17:37:32 raspberrypi kernel: [    0.000000]       .init : 0xc0840000 - 0xc08a4000   ( 400 kB)
Sep 26 17:37:32 raspberrypi kernel: [    0.000000]       .data : 0xc08a4000 - 0xc091e728   ( 490 kB)
Sep 26 17:37:32 raspberrypi kernel: [    0.000000]        .bss : 0xc091e728 - 0xc09d5f28   ( 734 kB)
Sep 26 17:37:32 raspberrypi kernel: [    0.000000] SLUB: HWalign=32, Order=0-3, MinObjects=0, CPUs=1, Nodes=1
Sep 26 17:37:32 raspberrypi kernel: [    0.000000] NR_IRQS:16 nr_irqs:16 16
Sep 26 17:37:32 raspberrypi kernel: [    0.000029] sched_clock: 32 bits at 1000kHz, resolution 1000ns, wraps every 2147483647500ns
Sep 26 17:37:32 raspberrypi kernel: [    0.000071] clocksource: timer: mask: 0xffffffff max_cycles: 0xffffffff, max_idle_ns: 1911260446275 ns
Sep 26 17:37:32 raspberrypi kernel: [    0.000171] bcm2835: system timer (irq = 27)
Sep 26 17:37:32 raspberrypi kernel: [    0.000664] Console: colour dummy device 80x30
Sep 26 17:37:32 raspberrypi kernel: [    0.001427] console [tty1] enabled
Sep 26 17:37:32 raspberrypi kernel: [    0.001489] Calibrating delay loop... 697.95 BogoMIPS (lpj=3489792)
Sep 26 17:37:32 raspberrypi kernel: [    0.060347] pid_max: default: 32768 minimum: 301
Sep 26 17:37:32 raspberrypi kernel: [    0.060813] Mount-cache hash table entries: 1024 (order: 0, 4096 bytes)
Sep 26 17:37:32 raspberrypi kernel: [    0.060883] Mountpoint-cache hash table entries: 1024 (order: 0, 4096 bytes)
Sep 26 17:37:32 raspberrypi kernel: [    0.061995] Disabling cpuset control group subsystem
Sep 26 17:37:32 raspberrypi kernel: [    0.062269] CPU: Testing write buffer coherency: ok
Sep 26 17:37:32 raspberrypi kernel: [    0.062377] ftrace: allocating 21712 entries in 64 pages
Sep 26 17:37:32 raspberrypi kernel: [    0.176991] Setting up static identity map for 0x8200 - 0x8238
Sep 26 17:37:32 raspberrypi kernel: [    0.179050] devtmpfs: initialized
Sep 26 17:37:32 raspberrypi kernel: [    0.188678] VFP support v0.3: implementor 41 architecture 1 part 20 variant b rev 5
Sep 26 17:37:32 raspberrypi kernel: [    0.189172] clocksource: jiffies: mask: 0xffffffff max_cycles: 0xffffffff, max_idle_ns: 19112604462750000 ns
Sep 26 17:37:32 raspberrypi kernel: [    0.189270] futex hash table entries: 256 (order: -1, 3072 bytes)
Sep 26 17:37:32 raspberrypi kernel: [    0.190605] pinctrl core: initialized pinctrl subsystem
Sep 26 17:37:32 raspberrypi kernel: [    0.192119] NET: Registered protocol family 16
Sep 26 17:37:32 raspberrypi kernel: [    0.194611] DMA: preallocated 1024 KiB pool for atomic coherent allocations
Sep 26 17:37:32 raspberrypi kernel: [    0.204338] hw-breakpoint: found 6 breakpoint and 1 watchpoint registers.
Sep 26 17:37:32 raspberrypi kernel: [    0.204432] hw-breakpoint: maximum watchpoint size is 4 bytes.
Sep 26 17:37:32 raspberrypi kernel: [    0.204571] Serial: AMBA PL011 UART driver
Sep 26 17:37:32 raspberrypi kernel: [    0.207508] bcm2835-mbox 2000b880.mailbox: mailbox enabled
Sep 26 17:37:32 raspberrypi kernel: [    0.208304] uart-pl011 20201000.serial: could not find pctldev for node /soc/gpio@7e200000/uart0_pins, deferring probe
Sep 26 17:37:32 raspberrypi kernel: [    0.209124] irq: no irq domain found for /soc/aux@0x7e215000 !
Sep 26 17:37:32 raspberrypi kernel: [    0.258422] bcm2835-dma 20007000.dma: DMA legacy API manager at dc80d000, dmachans=0x1
Sep 26 17:37:32 raspberrypi kernel: [    0.261110] SCSI subsystem initialized
Sep 26 17:37:32 raspberrypi kernel: [    0.261418] usbcore: registered new interface driver usbfs
Sep 26 17:37:32 raspberrypi kernel: [    0.261594] usbcore: registered new interface driver hub
Sep 26 17:37:32 raspberrypi kernel: [    0.261832] usbcore: registered new device driver usb
Sep 26 17:37:32 raspberrypi kernel: [    0.267089] raspberrypi-firmware soc:firmware: Attached to firmware from 2017-07-03 14:16
Sep 26 17:37:32 raspberrypi kernel: [    0.269065] clocksource: Switched to clocksource timer
Sep 26 17:37:32 raspberrypi kernel: [    0.325307] VFS: Disk quotas dquot_6.6.0
Sep 26 17:37:32 raspberrypi kernel: [    0.325502] VFS: Dquot-cache hash table entries: 1024 (order 0, 4096 bytes)
Sep 26 17:37:32 raspberrypi kernel: [    0.325849] FS-Cache: Loaded
Sep 26 17:37:32 raspberrypi kernel: [    0.326251] CacheFiles: Loaded
Sep 26 17:37:32 raspberrypi kernel: [    0.345534] NET: Registered protocol family 2
Sep 26 17:37:32 raspberrypi kernel: [    0.346980] TCP established hash table entries: 4096 (order: 2, 16384 bytes)
Sep 26 17:37:32 raspberrypi kernel: [    0.347137] TCP bind hash table entries: 4096 (order: 2, 16384 bytes)
Sep 26 17:37:32 raspberrypi kernel: [    0.347269] TCP: Hash tables configured (established 4096 bind 4096)
Sep 26 17:37:32 raspberrypi kernel: [    0.347397] UDP hash table entries: 256 (order: 0, 4096 bytes)
Sep 26 17:37:32 raspberrypi kernel: [    0.347462] UDP-Lite hash table entries: 256 (order: 0, 4096 bytes)
Sep 26 17:37:32 raspberrypi kernel: [    0.347799] NET: Registered protocol family 1
Sep 26 17:37:32 raspberrypi kernel: [    0.348605] RPC: Registered named UNIX socket transport module.
Sep 26 17:37:32 raspberrypi kernel: [    0.348683] RPC: Registered udp transport module.
Sep 26 17:37:32 raspberrypi kernel: [    0.348721] RPC: Registered tcp transport module.
Sep 26 17:37:32 raspberrypi kernel: [    0.348757] RPC: Registered tcp NFSv4.1 backchannel transport module.
Sep 26 17:37:32 raspberrypi kernel: [    0.350049] hw perfevents: enabled with armv6_1176 PMU driver, 3 counters available
Sep 26 17:37:32 raspberrypi kernel: [    0.352561] workingset: timestamp_bits=14 max_order=17 bucket_order=3
Sep 26 17:37:32 raspberrypi kernel: [    0.372587] FS-Cache: Netfs 'nfs' registered for caching
Sep 26 17:37:32 raspberrypi kernel: [    0.374448] NFS: Registering the id_resolver key type
Sep 26 17:37:32 raspberrypi kernel: [    0.374559] Key type id_resolver registered
Sep 26 17:37:32 raspberrypi kernel: [    0.374603] Key type id_legacy registered
Sep 26 17:37:32 raspberrypi kernel: [    0.379193] Block layer SCSI generic (bsg) driver version 0.4 loaded (major 251)
Sep 26 17:37:32 raspberrypi kernel: [    0.379678] io scheduler noop registered
Sep 26 17:37:32 raspberrypi kernel: [    0.379743] io scheduler deadline registered (default)
Sep 26 17:37:32 raspberrypi kernel: [    0.380251] io scheduler cfq registered
Sep 26 17:37:32 raspberrypi kernel: [    0.386048] BCM2708FB: allocated DMA memory 5b500000
Sep 26 17:37:32 raspberrypi kernel: [    0.386179] BCM2708FB: allocated DMA channel 0 @ dc80d000
Sep 26 17:37:32 raspberrypi kernel: [    0.395058] Console: switching to colour frame buffer device 80x30
Sep 26 17:37:32 raspberrypi kernel: [    0.406158] Serial: 8250/16550 driver, 1 ports, IRQ sharing enabled
Sep 26 17:37:32 raspberrypi kernel: [    0.411171] bcm2835-aux-uart 20215040.serial: could not get clk: -517
Sep 26 17:37:32 raspberrypi kernel: [    0.416701] bcm2835-rng 20104000.rng: hwrng registered
Sep 26 17:37:32 raspberrypi kernel: [    0.420794] vc-cma: Videocore CMA driver
Sep 26 17:37:32 raspberrypi kernel: [    0.424538] vc-cma: vc_cma_base      = 0x00000000
Sep 26 17:37:32 raspberrypi kernel: [    0.428181] vc-cma: vc_cma_size      = 0x00000000 (0 MiB)
Sep 26 17:37:32 raspberrypi kernel: [    0.431775] vc-cma: vc_cma_initial   = 0x00000000 (0 MiB)
Sep 26 17:37:32 raspberrypi kernel: [    0.435692] vc-mem: phys_addr:0x00000000 mem_base=0x1ec00000 mem_size:0x20000000(512 MiB)
Sep 26 17:37:32 raspberrypi kernel: [    0.468018] brd: module loaded
Sep 26 17:37:32 raspberrypi kernel: [    0.484101] loop: module loaded
Sep 26 17:37:32 raspberrypi kernel: [    0.487625] Loading iSCSI transport class v2.0-870.
Sep 26 17:37:32 raspberrypi kernel: [    0.492083] usbcore: registered new interface driver smsc95xx
Sep 26 17:37:32 raspberrypi kernel: [    0.495769] dwc_otg: version 3.00a 10-AUG-2012 (platform bus)
Sep 26 17:37:32 raspberrypi kernel: [    0.727749] Core Release: 2.80a
Sep 26 17:37:32 raspberrypi kernel: [    0.731445] Setting default values for core params
Sep 26 17:37:32 raspberrypi kernel: [    0.734963] Finished setting default values for core params
Sep 26 17:37:32 raspberrypi kernel: [    0.938755] Using Buffer DMA mode
Sep 26 17:37:32 raspberrypi kernel: [    0.942247] Periodic Transfer Interrupt Enhancement - disabled
Sep 26 17:37:32 raspberrypi kernel: [    0.945714] Multiprocessor Interrupt Enhancement - disabled
Sep 26 17:37:32 raspberrypi kernel: [    0.949202] OTG VER PARAM: 0, OTG VER FLAG: 0
Sep 26 17:37:32 raspberrypi kernel: [    0.952755] Dedicated Tx FIFOs mode
Sep 26 17:37:32 raspberrypi kernel: [    0.956819] WARN::dwc_otg_hcd_init:1032: FIQ DMA bounce buffers: virt = 0xdb514000 dma = 0x5b514000 len=9024
Sep 26 17:37:32 raspberrypi kernel: [    0.963857] FIQ FSM acceleration enabled for :
Sep 26 17:37:32 raspberrypi kernel: [    0.963857] Non-periodic Split Transactions
Sep 26 17:37:32 raspberrypi kernel: [    0.963857] Periodic Split Transactions
Sep 26 17:37:32 raspberrypi kernel: [    0.963857] High-Speed Isochronous Endpoints
Sep 26 17:37:32 raspberrypi kernel: [    0.963857] Interrupt/Control Split Transaction hack enabled
Sep 26 17:37:32 raspberrypi kernel: [    0.981187] dwc_otg: Microframe scheduler enabled
Sep 26 17:37:32 raspberrypi kernel: [    0.981335] WARN::hcd_init_fiq:459: FIQ on core 0 at 0xc04512ec
Sep 26 17:37:32 raspberrypi kernel: [    0.984910] WARN::hcd_init_fiq:460: FIQ ASM at 0xc04515c8 length 36
Sep 26 17:37:32 raspberrypi kernel: [    0.988382] WARN::hcd_init_fiq:486: MPHI regs_base at 0xdc8a5000
Sep 26 17:37:32 raspberrypi kernel: [    0.991961] dwc_otg 20980000.usb: DWC OTG Controller
Sep 26 17:37:32 raspberrypi kernel: [    0.995491] dwc_otg 20980000.usb: new USB bus registered, assigned bus number 1
Sep 26 17:37:32 raspberrypi kernel: [    1.002546] dwc_otg 20980000.usb: irq 56, io mem 0x00000000
Sep 26 17:37:32 raspberrypi kernel: [    1.006319] Init: Port Power? op_state=1
Sep 26 17:37:32 raspberrypi kernel: [    1.010032] Init: Power Port (0)
Sep 26 17:37:32 raspberrypi kernel: [    1.013971] usb usb1: New USB device found, idVendor=1d6b, idProduct=0002
Sep 26 17:37:32 raspberrypi kernel: [    1.017662] usb usb1: New USB device strings: Mfr=3, Product=2, SerialNumber=1
Sep 26 17:37:32 raspberrypi kernel: [    1.024970] usb usb1: Product: DWC OTG Controller
Sep 26 17:37:32 raspberrypi kernel: [    1.028687] usb usb1: Manufacturer: Linux 4.9.35+ dwc_otg_hcd
Sep 26 17:37:32 raspberrypi kernel: [    1.032430] usb usb1: SerialNumber: 20980000.usb
Sep 26 17:37:32 raspberrypi kernel: [    1.037298] hub 1-0:1.0: USB hub found
Sep 26 17:37:32 raspberrypi kernel: [    1.041188] hub 1-0:1.0: 1 port detected
Sep 26 17:37:32 raspberrypi kernel: [    1.045754] dwc_otg: FIQ enabled
Sep 26 17:37:32 raspberrypi kernel: [    1.045763] dwc_otg: NAK holdoff enabled
Sep 26 17:37:32 raspberrypi kernel: [    1.045770] dwc_otg: FIQ split-transaction FSM enabled
Sep 26 17:37:32 raspberrypi kernel: [    1.045790] Module dwc_common_port init
Sep 26 17:37:32 raspberrypi kernel: [    1.046293] usbcore: registered new interface driver usb-storage
Sep 26 17:37:32 raspberrypi kernel: [    1.050632] mousedev: PS/2 mouse device common for all mice
Sep 26 17:37:32 raspberrypi kernel: [    1.055985] bcm2835-wdt 20100000.watchdog: Broadcom BCM2835 watchdog timer
Sep 26 17:37:32 raspberrypi kernel: [    1.060397] bcm2835-cpufreq: min=700000 max=1000000
Sep 26 17:37:32 raspberrypi kernel: [    1.064781] sdhci: Secure Digital Host Controller Interface driver
Sep 26 17:37:32 raspberrypi kernel: [    1.068567] sdhci: Copyright(c) Pierre Ossman
Sep 26 17:37:32 raspberrypi kernel: [    1.072755] sdhost-bcm2835 20202000.sdhost: could not get clk, deferring probe
Sep 26 17:37:32 raspberrypi kernel: [    1.082622] mmc-bcm2835 20300000.mmc: could not get clk, deferring probe
Sep 26 17:37:32 raspberrypi kernel: [    1.086714] sdhci-pltfm: SDHCI platform and OF driver helper
Sep 26 17:37:32 raspberrypi kernel: [    1.091228] ledtrig-cpu: registered to indicate activity on CPUs
Sep 26 17:37:32 raspberrypi kernel: [    1.095361] hidraw: raw HID events driver (C) Jiri Kosina
Sep 26 17:37:32 raspberrypi kernel: [    1.099660] usbcore: registered new interface driver usbhid
Sep 26 17:37:32 raspberrypi kernel: [    1.103602] usbhid: USB HID core driver
Sep 26 17:37:32 raspberrypi kernel: [    1.108781] vchiq: vchiq_init_state: slot_zero = 0xdb580000, is_master = 0
Sep 26 17:37:32 raspberrypi kernel: [    1.115380] Initializing XFRM netlink socket
Sep 26 17:37:32 raspberrypi kernel: [    1.120025] NET: Registered protocol family 17
Sep 26 17:37:32 raspberrypi kernel: [    1.124675] Key type dns_resolver registered
Sep 26 17:37:32 raspberrypi kernel: [    1.130818] registered taskstats version 1
Sep 26 17:37:32 raspberrypi kernel: [    1.135218] vc-sm: Videocore shared memory driver
Sep 26 17:37:32 raspberrypi kernel: [    1.139189] [vc_sm_connected_init]: start
Sep 26 17:37:32 raspberrypi kernel: [    1.144138] [vc_sm_connected_init]: end - returning 0
Sep 26 17:37:32 raspberrypi kernel: [    1.156733] 20201000.serial: ttyAMA0 at MMIO 0x20201000 (irq = 81, base_baud = 0) is a PL011 rev2
Sep 26 17:37:32 raspberrypi kernel: [    1.166965] 20215040.serial: ttyS0 at MMIO 0x0 (irq = 214, base_baud = 31250000) is a 16550
Sep 26 17:37:32 raspberrypi kernel: [    1.176195] sdhost: log_buf @ db513000 (5b513000)
Sep 26 17:37:32 raspberrypi kernel: [    1.259141] mmc0: sdhost-bcm2835 loaded - DMA enabled (>1)
Sep 26 17:37:32 raspberrypi kernel: [    1.265798] mmc-bcm2835 20300000.mmc: mmc_debug:0 mmc_debug2:0
Sep 26 17:37:32 raspberrypi kernel: [    1.270081] mmc-bcm2835 20300000.mmc: DMA channel allocated
Sep 26 17:37:32 raspberrypi kernel: [    1.303130] random: fast init done
Sep 26 17:37:32 raspberrypi kernel: [    1.346740] mmc0: host does not support reading read-only switch, assuming write-enable
Sep 26 17:37:32 raspberrypi kernel: [    1.355020] of_cfs_init
Sep 26 17:37:32 raspberrypi kernel: [    1.365339] mmc0: new high speed SDHC card at address 1234
Sep 26 17:37:32 raspberrypi kernel: [    1.371902] of_cfs_init: OK
Sep 26 17:37:32 raspberrypi kernel: [    1.378274] mmcblk0: mmc0:1234 SA08G 7.21 GiB
Sep 26 17:37:32 raspberrypi kernel: [    1.385285]  mmcblk0: p1 p2
Sep 26 17:37:32 raspberrypi kernel: [    1.397022] mmc1: queuing unknown CIS tuple 0x80 (2 bytes)
Sep 26 17:37:32 raspberrypi kernel: [    1.403689] mmc1: queuing unknown CIS tuple 0x80 (3 bytes)
Sep 26 17:37:32 raspberrypi kernel: [    1.410206] EXT4-fs (mmcblk0p2): mounted filesystem with ordered data mode. Opts: (null)
Sep 26 17:37:32 raspberrypi kernel: [    1.417764] VFS: Mounted root (ext4 filesystem) readonly on device 179:2.
Sep 26 17:37:32 raspberrypi kernel: [    1.422502] mmc1: queuing unknown CIS tuple 0x80 (3 bytes)
Sep 26 17:37:32 raspberrypi kernel: [    1.426809] devtmpfs: mounted
Sep 26 17:37:32 raspberrypi kernel: [    1.432155] Freeing unused kernel memory: 400K (c0840000 - c08a4000)
Sep 26 17:37:32 raspberrypi kernel: [    1.436085] This architecture does not have kernel memory protection.
Sep 26 17:37:32 raspberrypi kernel: [    1.442788] mmc1: queuing unknown CIS tuple 0x80 (7 bytes)
Sep 26 17:37:32 raspberrypi kernel: [    1.564611] mmc1: new high speed SDIO card at address 0001
Sep 26 17:37:32 raspberrypi kernel: [    1.986242] NET: Registered protocol family 10
Sep 26 17:37:32 raspberrypi kernel: [    3.277347] fuse init (API version 7.26)
Sep 26 17:37:32 raspberrypi kernel: [    3.302531] i2c /dev entries driver
Sep 26 17:37:32 raspberrypi kernel: [    6.461416] gpiomem-bcm2835 20200000.gpiomem: Initialised: Registers at 0x20200000
Sep 26 17:37:32 raspberrypi kernel: [    6.587792] EXT4-fs (mmcblk0p2): re-mounted. Opts: (null)
Sep 26 17:37:32 raspberrypi kernel: [    6.754218] spi-bcm2835 20204000.spi: chipselect 1 already in use
Sep 26 17:37:32 raspberrypi kernel: [    6.754241] spi_master spi0: spi_device register error /soc/spi@7e204000/ads7846@1
Sep 26 17:37:32 raspberrypi kernel: [    6.754258] spi_master spi0: Failed to create SPI device for /soc/spi@7e204000/ads7846@1
Sep 26 17:37:32 raspberrypi kernel: [    7.765790] usbcore: registered new interface driver brcmfmac
Sep 26 17:37:32 raspberrypi kernel: [    7.953618] brcmfmac: Firmware version = wl0: Aug  7 2017 00:46:29 version 7.45.41.46 (r666254 CY) FWID 01-f8a78378
Sep 26 17:37:32 raspberrypi kernel: [    9.826584] spi0.1 supply vcc not found, using dummy regulator
Sep 26 17:37:32 raspberrypi kernel: [    9.830337] ads7846 spi0.1: touchscreen, irq 177
Sep 26 17:37:32 raspberrypi kernel: [    9.845596] input: ADS7846 Touchscreen as /devices/platform/soc/20204000.spi/spi_master/spi0/spi0.1/input/input0
Sep 26 17:37:32 raspberrypi kernel: [    9.861015] fbtft: module is from the staging directory, the quality is unknown, you have been warned.
Sep 26 17:37:32 raspberrypi kernel: [    9.894093] fb_ili9486: module is from the staging directory, the quality is unknown, you have been warned.
Sep 26 17:37:32 raspberrypi kernel: [    9.895069] fbtft_of_value: regwidth = 16
Sep 26 17:37:32 raspberrypi kernel: [    9.895083] fbtft_of_value: buswidth = 8
Sep 26 17:37:32 raspberrypi kernel: [    9.895091] fbtft_of_value: debug = 0
Sep 26 17:37:32 raspberrypi kernel: [    9.895097] fbtft_of_value: rotate = 270
Sep 26 17:37:32 raspberrypi kernel: [    9.895103] fbtft_of_value: fps = 30
Sep 26 17:37:32 raspberrypi kernel: [    9.895109] fbtft_of_value: txbuflen = 32768
Sep 26 17:37:32 raspberrypi kernel: [   11.704008] graphics fb1: fb_ili9486 frame buffer, 480x320, 300 KiB video memory, 32 KiB DMA buffer memory, fps=33, spi0.0 at 15 MHz
Sep 26 17:37:32 raspberrypi kernel: [   12.321042] IPv6: ADDRCONF(NETDEV_UP): wlan0: link is not ready
Sep 26 17:37:32 raspberrypi kernel: [   12.321088] brcmfmac: power management disabled
Sep 26 17:37:32 raspberrypi kernel: [   12.779219] brcmfmac: power management disabled
Sep 26 17:37:33 raspberrypi kernel: [   13.707949] uart-pl011 20201000.serial: no DMA platform data
Sep 26 17:37:35 raspberrypi kernel: [   15.451099] IPv6: ADDRCONF(NETDEV_CHANGE): wlan0: link becomes ready
Sep 26 17:37:35 raspberrypi kernel: [   15.517097] ip_tables: (C) 2000-2006 Netfilter Core Team
Sep 26 17:37:35 raspberrypi kernel: [   15.746751] nf_conntrack version 0.5.0 (7168 buckets, 28672 max)
Sep 26 17:37:35 raspberrypi kernel: [   16.082846] Adding 102396k swap on /var/swap.  Priority:-1 extents:4 across:167932k SSFS
Sep 26 17:37:38 raspberrypi kernel: [   18.919219] Bluetooth: Core ver 2.22
Sep 26 17:37:38 raspberrypi kernel: [   18.919408] NET: Registered protocol family 31
Sep 26 17:37:38 raspberrypi kernel: [   18.919416] Bluetooth: HCI device and connection manager initialized
Sep 26 17:37:38 raspberrypi kernel: [   18.921493] Bluetooth: HCI socket layer initialized
Sep 26 17:37:38 raspberrypi kernel: [   18.921519] Bluetooth: L2CAP socket layer initialized
Sep 26 17:37:38 raspberrypi kernel: [   18.921590] Bluetooth: SCO socket layer initialized
Sep 26 17:37:38 raspberrypi kernel: [   18.954878] Bluetooth: HCI UART driver ver 2.3
Sep 26 17:37:38 raspberrypi kernel: [   18.954897] Bluetooth: HCI UART protocol H4 registered
Sep 26 17:37:38 raspberrypi kernel: [   18.954902] Bluetooth: HCI UART protocol Three-wire (H5) registered
Sep 26 17:37:38 raspberrypi kernel: [   18.955156] Bluetooth: HCI UART protocol Broadcom registered
Sep 26 17:37:39 raspberrypi kernel: [   19.899205] Bluetooth: BNEP (Ethernet Emulation) ver 1.3
Sep 26 17:37:39 raspberrypi kernel: [   19.899220] Bluetooth: BNEP filters: protocol multicast
Sep 26 17:37:39 raspberrypi kernel: [   19.899255] Bluetooth: BNEP socket layer initialized
Sep 26 17:45:51 raspberrypi kernel: [   64.471141] random: crng init done
Sep 26 17:46:48 raspberrypi kernel: [    0.000000] Booting Linux on physical CPU 0x0
Sep 26 17:46:48 raspberrypi kernel: [    0.000000] Linux version 4.9.35+ (dc4@dc4-XPS13-9333) (gcc version 4.9.3 (crosstool-NG crosstool-ng-1.22.0-88-g8460611) ) #1014 Fri Jun 30 14:34:49 BST 2017
Sep 26 17:46:48 raspberrypi kernel: [    0.000000] CPU: ARMv6-compatible processor [410fb767] revision 7 (ARMv7), cr=00c5387d
Sep 26 17:46:48 raspberrypi kernel: [    0.000000] CPU: PIPT / VIPT nonaliasing data cache, VIPT nonaliasing instruction cache
Sep 26 17:46:48 raspberrypi kernel: [    0.000000] OF: fdt:Machine model: Raspberry Pi Zero W Rev 1.1
Sep 26 17:46:48 raspberrypi kernel: [    0.000000] cma: Reserved 8 MiB at 0x1b400000
Sep 26 17:46:48 raspberrypi kernel: [    0.000000] Memory policy: Data cache writeback
Sep 26 17:46:48 raspberrypi kernel: [    0.000000] On node 0 totalpages: 114688
Sep 26 17:46:48 raspberrypi kernel: [    0.000000] free_area_init_node: node 0, pgdat c0914874, node_mem_map db010000
Sep 26 17:46:48 raspberrypi kernel: [    0.000000]   Normal zone: 1008 pages used for memmap
Sep 26 17:46:48 raspberrypi kernel: [    0.000000]   Normal zone: 0 pages reserved
Sep 26 17:46:48 raspberrypi kernel: [    0.000000]   Normal zone: 114688 pages, LIFO batch:31
Sep 26 17:46:48 raspberrypi kernel: [    0.000000] pcpu-alloc: s0 r0 d32768 u32768 alloc=1*32768
Sep 26 17:46:48 raspberrypi kernel: [    0.000000] pcpu-alloc: [0] 0 
Sep 26 17:46:48 raspberrypi kernel: [    0.000000] Built 1 zonelists in Zone order, mobility grouping on.  Total pages: 113680
Sep 26 17:46:48 raspberrypi kernel: [    0.000000] Kernel command line: 8250.nr_uarts=1 bcm2708_fb.fbwidth=640 bcm2708_fb.fbheight=480 bcm2708_fb.fbswap=1 smsc95xx.macaddr=B8:27:EB:5C:98:6F vc_mem.mem_base=0x1ec00000 vc_mem.mem_size=0x20000000  dwc_otg.lpm_enable=0 console=tty1 root=/dev/mmcblk0p2 rootfstype=ext4 elevator=deadline rootwait fbcon=map:10 fbcon=font:ProFont6x11 logo.nologo
Sep 26 17:46:48 raspberrypi kernel: [    0.000000] PID hash table entries: 2048 (order: 1, 8192 bytes)
Sep 26 17:46:48 raspberrypi kernel: [    0.000000] Dentry cache hash table entries: 65536 (order: 6, 262144 bytes)
Sep 26 17:46:48 raspberrypi kernel: [    0.000000] Inode-cache hash table entries: 32768 (order: 5, 131072 bytes)
Sep 26 17:46:48 raspberrypi kernel: [    0.000000] Memory: 435936K/458752K available (5946K kernel code, 489K rwdata, 1948K rodata, 400K init, 734K bss, 14624K reserved, 8192K cma-reserved)
Sep 26 17:46:48 raspberrypi kernel: [    0.000000] Virtual kernel memory layout:
Sep 26 17:46:48 raspberrypi kernel: [    0.000000]     vector  : 0xffff0000 - 0xffff1000   (   4 kB)
Sep 26 17:46:48 raspberrypi kernel: [    0.000000]     fixmap  : 0xffc00000 - 0xfff00000   (3072 kB)
Sep 26 17:46:48 raspberrypi kernel: [    0.000000]     vmalloc : 0xdc800000 - 0xff800000   ( 560 MB)
Sep 26 17:46:48 raspberrypi kernel: [    0.000000]     lowmem  : 0xc0000000 - 0xdc000000   ( 448 MB)
Sep 26 17:46:48 raspberrypi kernel: [    0.000000]     modules : 0xbf000000 - 0xc0000000   (  16 MB)
Sep 26 17:46:48 raspberrypi kernel: [    0.000000]       .text : 0xc0008000 - 0xc05d6bbc   (5947 kB)
Sep 26 17:46:48 raspberrypi kernel: [    0.000000]       .init : 0xc0840000 - 0xc08a4000   ( 400 kB)
Sep 26 17:46:48 raspberrypi kernel: [    0.000000]       .data : 0xc08a4000 - 0xc091e728   ( 490 kB)
Sep 26 17:46:48 raspberrypi kernel: [    0.000000]        .bss : 0xc091e728 - 0xc09d5f28   ( 734 kB)
Sep 26 17:46:48 raspberrypi kernel: [    0.000000] SLUB: HWalign=32, Order=0-3, MinObjects=0, CPUs=1, Nodes=1
Sep 26 17:46:48 raspberrypi kernel: [    0.000000] NR_IRQS:16 nr_irqs:16 16
Sep 26 17:46:48 raspberrypi kernel: [    0.000029] sched_clock: 32 bits at 1000kHz, resolution 1000ns, wraps every 2147483647500ns
Sep 26 17:46:48 raspberrypi kernel: [    0.000073] clocksource: timer: mask: 0xffffffff max_cycles: 0xffffffff, max_idle_ns: 1911260446275 ns
Sep 26 17:46:48 raspberrypi kernel: [    0.000173] bcm2835: system timer (irq = 27)
Sep 26 17:46:48 raspberrypi kernel: [    0.000665] Console: colour dummy device 80x30
Sep 26 17:46:48 raspberrypi kernel: [    0.001427] console [tty1] enabled
Sep 26 17:46:48 raspberrypi kernel: [    0.001488] Calibrating delay loop... 697.95 BogoMIPS (lpj=3489792)
Sep 26 17:46:48 raspberrypi kernel: [    0.060351] pid_max: default: 32768 minimum: 301
Sep 26 17:46:48 raspberrypi kernel: [    0.060816] Mount-cache hash table entries: 1024 (order: 0, 4096 bytes)
Sep 26 17:46:48 raspberrypi kernel: [    0.060886] Mountpoint-cache hash table entries: 1024 (order: 0, 4096 bytes)
Sep 26 17:46:48 raspberrypi kernel: [    0.061993] Disabling cpuset control group subsystem
Sep 26 17:46:48 raspberrypi kernel: [    0.062268] CPU: Testing write buffer coherency: ok
Sep 26 17:46:48 raspberrypi kernel: [    0.062373] ftrace: allocating 21712 entries in 64 pages
Sep 26 17:46:48 raspberrypi kernel: [    0.176995] Setting up static identity map for 0x8200 - 0x8238
Sep 26 17:46:48 raspberrypi kernel: [    0.179062] devtmpfs: initialized
Sep 26 17:46:48 raspberrypi kernel: [    0.188680] VFP support v0.3: implementor 41 architecture 1 part 20 variant b rev 5
Sep 26 17:46:48 raspberrypi kernel: [    0.189173] clocksource: jiffies: mask: 0xffffffff max_cycles: 0xffffffff, max_idle_ns: 19112604462750000 ns
Sep 26 17:46:48 raspberrypi kernel: [    0.189270] futex hash table entries: 256 (order: -1, 3072 bytes)
Sep 26 17:46:48 raspberrypi kernel: [    0.190610] pinctrl core: initialized pinctrl subsystem
Sep 26 17:46:48 raspberrypi kernel: [    0.192116] NET: Registered protocol family 16
Sep 26 17:46:48 raspberrypi kernel: [    0.194604] DMA: preallocated 1024 KiB pool for atomic coherent allocations
Sep 26 17:46:48 raspberrypi kernel: [    0.204342] hw-breakpoint: found 6 breakpoint and 1 watchpoint registers.
Sep 26 17:46:48 raspberrypi kernel: [    0.204435] hw-breakpoint: maximum watchpoint size is 4 bytes.
Sep 26 17:46:48 raspberrypi kernel: [    0.204574] Serial: AMBA PL011 UART driver
Sep 26 17:46:48 raspberrypi kernel: [    0.207513] bcm2835-mbox 2000b880.mailbox: mailbox enabled
Sep 26 17:46:48 raspberrypi kernel: [    0.208305] uart-pl011 20201000.serial: could not find pctldev for node /soc/gpio@7e200000/uart0_pins, deferring probe
Sep 26 17:46:48 raspberrypi kernel: [    0.209130] irq: no irq domain found for /soc/aux@0x7e215000 !
Sep 26 17:46:48 raspberrypi kernel: [    0.258436] bcm2835-dma 20007000.dma: DMA legacy API manager at dc80d000, dmachans=0x1
Sep 26 17:46:48 raspberrypi kernel: [    0.261128] SCSI subsystem initialized
Sep 26 17:46:48 raspberrypi kernel: [    0.261439] usbcore: registered new interface driver usbfs
Sep 26 17:46:48 raspberrypi kernel: [    0.261618] usbcore: registered new interface driver hub
Sep 26 17:46:48 raspberrypi kernel: [    0.261854] usbcore: registered new device driver usb
Sep 26 17:46:48 raspberrypi kernel: [    0.267060] raspberrypi-firmware soc:firmware: Attached to firmware from 2017-07-03 14:16
Sep 26 17:46:48 raspberrypi kernel: [    0.269035] clocksource: Switched to clocksource timer
Sep 26 17:46:48 raspberrypi kernel: [    0.325328] VFS: Disk quotas dquot_6.6.0
Sep 26 17:46:48 raspberrypi kernel: [    0.325526] VFS: Dquot-cache hash table entries: 1024 (order 0, 4096 bytes)
Sep 26 17:46:48 raspberrypi kernel: [    0.325877] FS-Cache: Loaded
Sep 26 17:46:48 raspberrypi kernel: [    0.326278] CacheFiles: Loaded
Sep 26 17:46:48 raspberrypi kernel: [    0.345578] NET: Registered protocol family 2
Sep 26 17:46:48 raspberrypi kernel: [    0.347026] TCP established hash table entries: 4096 (order: 2, 16384 bytes)
Sep 26 17:46:48 raspberrypi kernel: [    0.347181] TCP bind hash table entries: 4096 (order: 2, 16384 bytes)
Sep 26 17:46:48 raspberrypi kernel: [    0.347314] TCP: Hash tables configured (established 4096 bind 4096)
Sep 26 17:46:48 raspberrypi kernel: [    0.347441] UDP hash table entries: 256 (order: 0, 4096 bytes)
Sep 26 17:46:48 raspberrypi kernel: [    0.347507] UDP-Lite hash table entries: 256 (order: 0, 4096 bytes)
Sep 26 17:46:48 raspberrypi kernel: [    0.347850] NET: Registered protocol family 1
Sep 26 17:46:48 raspberrypi kernel: [    0.348658] RPC: Registered named UNIX socket transport module.
Sep 26 17:46:48 raspberrypi kernel: [    0.348734] RPC: Registered udp transport module.
Sep 26 17:46:48 raspberrypi kernel: [    0.348771] RPC: Registered tcp transport module.
Sep 26 17:46:48 raspberrypi kernel: [    0.348806] RPC: Registered tcp NFSv4.1 backchannel transport module.
Sep 26 17:46:48 raspberrypi kernel: [    0.350087] hw perfevents: enabled with armv6_1176 PMU driver, 3 counters available
Sep 26 17:46:48 raspberrypi kernel: [    0.352591] workingset: timestamp_bits=14 max_order=17 bucket_order=3
Sep 26 17:46:48 raspberrypi kernel: [    0.372615] FS-Cache: Netfs 'nfs' registered for caching
Sep 26 17:46:48 raspberrypi kernel: [    0.374462] NFS: Registering the id_resolver key type
Sep 26 17:46:48 raspberrypi kernel: [    0.374576] Key type id_resolver registered
Sep 26 17:46:48 raspberrypi kernel: [    0.374617] Key type id_legacy registered
Sep 26 17:46:48 raspberrypi kernel: [    0.379212] Block layer SCSI generic (bsg) driver version 0.4 loaded (major 251)
Sep 26 17:46:48 raspberrypi kernel: [    0.379693] io scheduler noop registered
Sep 26 17:46:48 raspberrypi kernel: [    0.379756] io scheduler deadline registered (default)
Sep 26 17:46:48 raspberrypi kernel: [    0.380267] io scheduler cfq registered
Sep 26 17:46:48 raspberrypi kernel: [    0.386038] BCM2708FB: allocated DMA memory 5b500000
Sep 26 17:46:48 raspberrypi kernel: [    0.386169] BCM2708FB: allocated DMA channel 0 @ dc80d000
Sep 26 17:46:48 raspberrypi kernel: [    0.395021] Console: switching to colour frame buffer device 80x30
Sep 26 17:46:48 raspberrypi kernel: [    0.406129] Serial: 8250/16550 driver, 1 ports, IRQ sharing enabled
Sep 26 17:46:48 raspberrypi kernel: [    0.411140] bcm2835-aux-uart 20215040.serial: could not get clk: -517
Sep 26 17:46:48 raspberrypi kernel: [    0.416658] bcm2835-rng 20104000.rng: hwrng registered
Sep 26 17:46:48 raspberrypi kernel: [    0.420759] vc-cma: Videocore CMA driver
Sep 26 17:46:48 raspberrypi kernel: [    0.424521] vc-cma: vc_cma_base      = 0x00000000
Sep 26 17:46:48 raspberrypi kernel: [    0.428168] vc-cma: vc_cma_size      = 0x00000000 (0 MiB)
Sep 26 17:46:48 raspberrypi kernel: [    0.431777] vc-cma: vc_cma_initial   = 0x00000000 (0 MiB)
Sep 26 17:46:48 raspberrypi kernel: [    0.435710] vc-mem: phys_addr:0x00000000 mem_base=0x1ec00000 mem_size:0x20000000(512 MiB)
Sep 26 17:46:48 raspberrypi kernel: [    0.467998] brd: module loaded
Sep 26 17:46:48 raspberrypi kernel: [    0.484081] loop: module loaded
Sep 26 17:46:48 raspberrypi kernel: [    0.487618] Loading iSCSI transport class v2.0-870.
Sep 26 17:46:48 raspberrypi kernel: [    0.492098] usbcore: registered new interface driver smsc95xx
Sep 26 17:46:48 raspberrypi kernel: [    0.495791] dwc_otg: version 3.00a 10-AUG-2012 (platform bus)
Sep 26 17:46:48 raspberrypi kernel: [    0.727779] Core Release: 2.80a
Sep 26 17:46:48 raspberrypi kernel: [    0.731479] Setting default values for core params
Sep 26 17:46:48 raspberrypi kernel: [    0.735012] Finished setting default values for core params
Sep 26 17:46:48 raspberrypi kernel: [    0.938807] Using Buffer DMA mode
Sep 26 17:46:48 raspberrypi kernel: [    0.942306] Periodic Transfer Interrupt Enhancement - disabled
Sep 26 17:46:48 raspberrypi kernel: [    0.945764] Multiprocessor Interrupt Enhancement - disabled
Sep 26 17:46:48 raspberrypi kernel: [    0.949251] OTG VER PARAM: 0, OTG VER FLAG: 0
Sep 26 17:46:48 raspberrypi kernel: [    0.952807] Dedicated Tx FIFOs mode
Sep 26 17:46:48 raspberrypi kernel: [    0.956880] WARN::dwc_otg_hcd_init:1032: FIQ DMA bounce buffers: virt = 0xdb514000 dma = 0x5b514000 len=9024
Sep 26 17:46:48 raspberrypi kernel: [    0.963929] FIQ FSM acceleration enabled for :
Sep 26 17:46:48 raspberrypi kernel: [    0.963929] Non-periodic Split Transactions
Sep 26 17:46:48 raspberrypi kernel: [    0.963929] Periodic Split Transactions
Sep 26 17:46:48 raspberrypi kernel: [    0.963929] High-Speed Isochronous Endpoints
Sep 26 17:46:48 raspberrypi kernel: [    0.963929] Interrupt/Control Split Transaction hack enabled
Sep 26 17:46:48 raspberrypi kernel: [    0.981273] dwc_otg: Microframe scheduler enabled
Sep 26 17:46:48 raspberrypi kernel: [    0.981423] WARN::hcd_init_fiq:459: FIQ on core 0 at 0xc04512ec
Sep 26 17:46:48 raspberrypi kernel: [    0.984993] WARN::hcd_init_fiq:460: FIQ ASM at 0xc04515c8 length 36
Sep 26 17:46:48 raspberrypi kernel: [    0.988453] WARN::hcd_init_fiq:486: MPHI regs_base at 0xdc8a5000
Sep 26 17:46:48 raspberrypi kernel: [    0.992021] dwc_otg 20980000.usb: DWC OTG Controller
Sep 26 17:46:48 raspberrypi kernel: [    0.995544] dwc_otg 20980000.usb: new USB bus registered, assigned bus number 1
Sep 26 17:46:48 raspberrypi kernel: [    1.002587] dwc_otg 20980000.usb: irq 56, io mem 0x00000000
Sep 26 17:46:48 raspberrypi kernel: [    1.006353] Init: Port Power? op_state=1
Sep 26 17:46:48 raspberrypi kernel: [    1.010047] Init: Power Port (0)
Sep 26 17:46:48 raspberrypi kernel: [    1.013993] usb usb1: New USB device found, idVendor=1d6b, idProduct=0002
Sep 26 17:46:48 raspberrypi kernel: [    1.017673] usb usb1: New USB device strings: Mfr=3, Product=2, SerialNumber=1
Sep 26 17:46:48 raspberrypi kernel: [    1.024965] usb usb1: Product: DWC OTG Controller
Sep 26 17:46:48 raspberrypi kernel: [    1.028683] usb usb1: Manufacturer: Linux 4.9.35+ dwc_otg_hcd
Sep 26 17:46:48 raspberrypi kernel: [    1.032420] usb usb1: SerialNumber: 20980000.usb
Sep 26 17:46:48 raspberrypi kernel: [    1.037274] hub 1-0:1.0: USB hub found
Sep 26 17:46:48 raspberrypi kernel: [    1.041161] hub 1-0:1.0: 1 port detected
Sep 26 17:46:48 raspberrypi kernel: [    1.045715] dwc_otg: FIQ enabled
Sep 26 17:46:48 raspberrypi kernel: [    1.045724] dwc_otg: NAK holdoff enabled
Sep 26 17:46:48 raspberrypi kernel: [    1.045731] dwc_otg: FIQ split-transaction FSM enabled
Sep 26 17:46:48 raspberrypi kernel: [    1.045752] Module dwc_common_port init
Sep 26 17:46:48 raspberrypi kernel: [    1.046265] usbcore: registered new interface driver usb-storage
Sep 26 17:46:48 raspberrypi kernel: [    1.050593] mousedev: PS/2 mouse device common for all mice
Sep 26 17:46:48 raspberrypi kernel: [    1.055939] bcm2835-wdt 20100000.watchdog: Broadcom BCM2835 watchdog timer
Sep 26 17:46:48 raspberrypi kernel: [    1.060340] bcm2835-cpufreq: min=700000 max=1000000
Sep 26 17:46:48 raspberrypi kernel: [    1.064734] sdhci: Secure Digital Host Controller Interface driver
Sep 26 17:46:48 raspberrypi kernel: [    1.068514] sdhci: Copyright(c) Pierre Ossman
Sep 26 17:46:48 raspberrypi kernel: [    1.072702] sdhost-bcm2835 20202000.sdhost: could not get clk, deferring probe
Sep 26 17:46:48 raspberrypi kernel: [    1.082555] mmc-bcm2835 20300000.mmc: could not get clk, deferring probe
Sep 26 17:46:48 raspberrypi kernel: [    1.086632] sdhci-pltfm: SDHCI platform and OF driver helper
Sep 26 17:46:48 raspberrypi kernel: [    1.091140] ledtrig-cpu: registered to indicate activity on CPUs
Sep 26 17:46:48 raspberrypi kernel: [    1.095272] hidraw: raw HID events driver (C) Jiri Kosina
Sep 26 17:46:48 raspberrypi kernel: [    1.099563] usbcore: registered new interface driver usbhid
Sep 26 17:46:48 raspberrypi kernel: [    1.103506] usbhid: USB HID core driver
Sep 26 17:46:48 raspberrypi kernel: [    1.108679] vchiq: vchiq_init_state: slot_zero = 0xdb580000, is_master = 0
Sep 26 17:46:48 raspberrypi kernel: [    1.115266] Initializing XFRM netlink socket
Sep 26 17:46:48 raspberrypi kernel: [    1.119921] NET: Registered protocol family 17
Sep 26 17:46:48 raspberrypi kernel: [    1.124590] Key type dns_resolver registered
Sep 26 17:46:48 raspberrypi kernel: [    1.130733] registered taskstats version 1
Sep 26 17:46:48 raspberrypi kernel: [    1.135145] vc-sm: Videocore shared memory driver
Sep 26 17:46:48 raspberrypi kernel: [    1.139116] [vc_sm_connected_init]: start
Sep 26 17:46:48 raspberrypi kernel: [    1.144061] [vc_sm_connected_init]: end - returning 0
Sep 26 17:46:48 raspberrypi kernel: [    1.156590] 20201000.serial: ttyAMA0 at MMIO 0x20201000 (irq = 81, base_baud = 0) is a PL011 rev2
Sep 26 17:46:48 raspberrypi kernel: [    1.166837] 20215040.serial: ttyS0 at MMIO 0x0 (irq = 214, base_baud = 31250000) is a 16550
Sep 26 17:46:48 raspberrypi kernel: [    1.176083] sdhost: log_buf @ db513000 (5b513000)
Sep 26 17:46:48 raspberrypi kernel: [    1.259113] mmc0: sdhost-bcm2835 loaded - DMA enabled (>1)
Sep 26 17:46:48 raspberrypi kernel: [    1.265762] mmc-bcm2835 20300000.mmc: mmc_debug:0 mmc_debug2:0
Sep 26 17:46:48 raspberrypi kernel: [    1.270053] mmc-bcm2835 20300000.mmc: DMA channel allocated
Sep 26 17:46:48 raspberrypi kernel: [    1.303052] random: fast init done
Sep 26 17:46:48 raspberrypi kernel: [    1.346705] mmc0: host does not support reading read-only switch, assuming write-enable
Sep 26 17:46:48 raspberrypi kernel: [    1.355007] of_cfs_init
Sep 26 17:46:48 raspberrypi kernel: [    1.365315] mmc0: new high speed SDHC card at address 1234
Sep 26 17:46:48 raspberrypi kernel: [    1.371899] of_cfs_init: OK
Sep 26 17:46:48 raspberrypi kernel: [    1.378745] mmcblk0: mmc0:1234 SA08G 7.21 GiB
Sep 26 17:46:48 raspberrypi kernel: [    1.386268]  mmcblk0: p1 p2
Sep 26 17:46:48 raspberrypi kernel: [    1.398014] mmc1: queuing unknown CIS tuple 0x80 (2 bytes)
Sep 26 17:46:48 raspberrypi kernel: [    1.404699] mmc1: queuing unknown CIS tuple 0x80 (3 bytes)
Sep 26 17:46:48 raspberrypi kernel: [    1.411327] EXT4-fs (mmcblk0p2): mounted filesystem with ordered data mode. Opts: (null)
Sep 26 17:46:48 raspberrypi kernel: [    1.418903] VFS: Mounted root (ext4 filesystem) readonly on device 179:2.
Sep 26 17:46:48 raspberrypi kernel: [    1.423716] mmc1: queuing unknown CIS tuple 0x80 (3 bytes)
Sep 26 17:46:48 raspberrypi kernel: [    1.428012] devtmpfs: mounted
Sep 26 17:46:48 raspberrypi kernel: [    1.433352] Freeing unused kernel memory: 400K (c0840000 - c08a4000)
Sep 26 17:46:48 raspberrypi kernel: [    1.437287] This architecture does not have kernel memory protection.
Sep 26 17:46:48 raspberrypi kernel: [    1.443998] mmc1: queuing unknown CIS tuple 0x80 (7 bytes)
Sep 26 17:46:48 raspberrypi kernel: [    1.567503] mmc1: new high speed SDIO card at address 0001
Sep 26 17:46:48 raspberrypi kernel: [    1.989311] NET: Registered protocol family 10
Sep 26 17:46:48 raspberrypi kernel: [    3.305392] fuse init (API version 7.26)
Sep 26 17:46:48 raspberrypi kernel: [    3.345579] i2c /dev entries driver
Sep 26 17:46:48 raspberrypi kernel: [    6.525839] EXT4-fs (mmcblk0p2): re-mounted. Opts: (null)
Sep 26 17:46:48 raspberrypi kernel: [    6.767114] gpiomem-bcm2835 20200000.gpiomem: Initialised: Registers at 0x20200000
Sep 26 17:46:48 raspberrypi kernel: [    6.895844] spi-bcm2835 20204000.spi: chipselect 1 already in use
Sep 26 17:46:48 raspberrypi kernel: [    6.895867] spi_master spi0: spi_device register error /soc/spi@7e204000/ads7846@1
Sep 26 17:46:48 raspberrypi kernel: [    6.895885] spi_master spi0: Failed to create SPI device for /soc/spi@7e204000/ads7846@1
Sep 26 17:46:48 raspberrypi kernel: [    7.749799] usbcore: registered new interface driver brcmfmac
Sep 26 17:46:48 raspberrypi kernel: [    7.933608] brcmfmac: Firmware version = wl0: Aug  7 2017 00:46:29 version 7.45.41.46 (r666254 CY) FWID 01-f8a78378
Sep 26 17:46:48 raspberrypi kernel: [    9.803449] spi0.1 supply vcc not found, using dummy regulator
Sep 26 17:46:48 raspberrypi kernel: [    9.824324] ads7846 spi0.1: touchscreen, irq 177
Sep 26 17:46:48 raspberrypi kernel: [    9.858101] input: ADS7846 Touchscreen as /devices/platform/soc/20204000.spi/spi_master/spi0/spi0.1/input/input0
Sep 26 17:46:48 raspberrypi kernel: [    9.858751] fbtft: module is from the staging directory, the quality is unknown, you have been warned.
Sep 26 17:46:48 raspberrypi kernel: [    9.891625] fb_ili9486: module is from the staging directory, the quality is unknown, you have been warned.
Sep 26 17:46:48 raspberrypi kernel: [    9.892593] fbtft_of_value: regwidth = 16
Sep 26 17:46:48 raspberrypi kernel: [    9.892606] fbtft_of_value: buswidth = 8
Sep 26 17:46:48 raspberrypi kernel: [    9.892614] fbtft_of_value: debug = 0
Sep 26 17:46:48 raspberrypi kernel: [    9.892620] fbtft_of_value: rotate = 270
Sep 26 17:46:48 raspberrypi kernel: [    9.892626] fbtft_of_value: fps = 30
Sep 26 17:46:48 raspberrypi kernel: [    9.892632] fbtft_of_value: txbuflen = 32768
Sep 26 17:46:48 raspberrypi kernel: [   11.698837] graphics fb1: fb_ili9486 frame buffer, 480x320, 300 KiB video memory, 32 KiB DMA buffer memory, fps=33, spi0.0 at 15 MHz
Sep 26 17:46:48 raspberrypi kernel: [   12.316386] IPv6: ADDRCONF(NETDEV_UP): wlan0: link is not ready
Sep 26 17:46:48 raspberrypi kernel: [   12.316432] brcmfmac: power management disabled
Sep 26 17:46:48 raspberrypi kernel: [   12.772210] brcmfmac: power management disabled
Sep 26 17:46:49 raspberrypi kernel: [   13.711237] uart-pl011 20201000.serial: no DMA platform data
Sep 26 17:46:51 raspberrypi kernel: [   16.032673] ip_tables: (C) 2000-2006 Netfilter Core Team
Sep 26 17:46:52 raspberrypi kernel: [   16.261511] nf_conntrack version 0.5.0 (7168 buckets, 28672 max)
Sep 26 17:46:53 raspberrypi kernel: [   17.361346] Adding 102396k swap on /var/swap.  Priority:-1 extents:4 across:167932k SSFS
Sep 26 17:46:53 raspberrypi kernel: [   18.141207] IPv6: ADDRCONF(NETDEV_CHANGE): wlan0: link becomes ready
Sep 26 17:46:54 raspberrypi kernel: [   18.379305] Bluetooth: Core ver 2.22
Sep 26 17:46:54 raspberrypi kernel: [   18.379496] NET: Registered protocol family 31
Sep 26 17:46:54 raspberrypi kernel: [   18.379506] Bluetooth: HCI device and connection manager initialized
Sep 26 17:46:54 raspberrypi kernel: [   18.381513] Bluetooth: HCI socket layer initialized
Sep 26 17:46:54 raspberrypi kernel: [   18.381541] Bluetooth: L2CAP socket layer initialized
Sep 26 17:46:54 raspberrypi kernel: [   18.381645] Bluetooth: SCO socket layer initialized
Sep 26 17:46:54 raspberrypi kernel: [   18.423528] Bluetooth: HCI UART driver ver 2.3
Sep 26 17:46:54 raspberrypi kernel: [   18.423546] Bluetooth: HCI UART protocol H4 registered
Sep 26 17:46:54 raspberrypi kernel: [   18.423552] Bluetooth: HCI UART protocol Three-wire (H5) registered
Sep 26 17:46:54 raspberrypi kernel: [   18.423801] Bluetooth: HCI UART protocol Broadcom registered
Sep 26 17:46:56 raspberrypi kernel: [   20.422881] Bluetooth: BNEP (Ethernet Emulation) ver 1.3
Sep 26 17:46:56 raspberrypi kernel: [   20.422895] Bluetooth: BNEP filters: protocol multicast
Sep 26 17:46:56 raspberrypi kernel: [   20.422928] Bluetooth: BNEP socket layer initialized
Sep 26 17:47:49 raspberrypi kernel: [   74.030677] random: crng init done
Sep 26 17:50:20 raspberrypi kernel: [  225.112748] brcmfmac: brcmf_cfg80211_stop_ap: setting INFRA mode failed -7
Sep 26 17:50:42 raspberrypi kernel: [    0.000000] Booting Linux on physical CPU 0x0
Sep 26 17:50:42 raspberrypi kernel: [    0.000000] Linux version 4.9.35+ (dc4@dc4-XPS13-9333) (gcc version 4.9.3 (crosstool-NG crosstool-ng-1.22.0-88-g8460611) ) #1014 Fri Jun 30 14:34:49 BST 2017
Sep 26 17:50:42 raspberrypi kernel: [    0.000000] CPU: ARMv6-compatible processor [410fb767] revision 7 (ARMv7), cr=00c5387d
Sep 26 17:50:42 raspberrypi kernel: [    0.000000] CPU: PIPT / VIPT nonaliasing data cache, VIPT nonaliasing instruction cache
Sep 26 17:50:42 raspberrypi kernel: [    0.000000] OF: fdt:Machine model: Raspberry Pi Zero W Rev 1.1
Sep 26 17:50:42 raspberrypi kernel: [    0.000000] cma: Reserved 8 MiB at 0x1b400000
Sep 26 17:50:42 raspberrypi kernel: [    0.000000] Memory policy: Data cache writeback
Sep 26 17:50:42 raspberrypi kernel: [    0.000000] On node 0 totalpages: 114688
Sep 26 17:50:42 raspberrypi kernel: [    0.000000] free_area_init_node: node 0, pgdat c0914874, node_mem_map db010000
Sep 26 17:50:42 raspberrypi kernel: [    0.000000]   Normal zone: 1008 pages used for memmap
Sep 26 17:50:42 raspberrypi kernel: [    0.000000]   Normal zone: 0 pages reserved
Sep 26 17:50:42 raspberrypi kernel: [    0.000000]   Normal zone: 114688 pages, LIFO batch:31
Sep 26 17:50:42 raspberrypi kernel: [    0.000000] pcpu-alloc: s0 r0 d32768 u32768 alloc=1*32768
Sep 26 17:50:42 raspberrypi kernel: [    0.000000] pcpu-alloc: [0] 0 
Sep 26 17:50:42 raspberrypi kernel: [    0.000000] Built 1 zonelists in Zone order, mobility grouping on.  Total pages: 113680
Sep 26 17:50:42 raspberrypi kernel: [    0.000000] Kernel command line: 8250.nr_uarts=1 bcm2708_fb.fbwidth=640 bcm2708_fb.fbheight=480 bcm2708_fb.fbswap=1 smsc95xx.macaddr=B8:27:EB:5C:98:6F vc_mem.mem_base=0x1ec00000 vc_mem.mem_size=0x20000000  dwc_otg.lpm_enable=0 console=tty1 root=/dev/mmcblk0p2 rootfstype=ext4 elevator=deadline rootwait fbcon=map:10 fbcon=font:ProFont6x11 logo.nologo
Sep 26 17:50:42 raspberrypi kernel: [    0.000000] PID hash table entries: 2048 (order: 1, 8192 bytes)
Sep 26 17:50:42 raspberrypi kernel: [    0.000000] Dentry cache hash table entries: 65536 (order: 6, 262144 bytes)
Sep 26 17:50:42 raspberrypi kernel: [    0.000000] Inode-cache hash table entries: 32768 (order: 5, 131072 bytes)
Sep 26 17:50:42 raspberrypi kernel: [    0.000000] Memory: 435936K/458752K available (5946K kernel code, 489K rwdata, 1948K rodata, 400K init, 734K bss, 14624K reserved, 8192K cma-reserved)
Sep 26 17:50:42 raspberrypi kernel: [    0.000000] Virtual kernel memory layout:
Sep 26 17:50:42 raspberrypi kernel: [    0.000000]     vector  : 0xffff0000 - 0xffff1000   (   4 kB)
Sep 26 17:50:42 raspberrypi kernel: [    0.000000]     fixmap  : 0xffc00000 - 0xfff00000   (3072 kB)
Sep 26 17:50:42 raspberrypi kernel: [    0.000000]     vmalloc : 0xdc800000 - 0xff800000   ( 560 MB)
Sep 26 17:50:42 raspberrypi kernel: [    0.000000]     lowmem  : 0xc0000000 - 0xdc000000   ( 448 MB)
Sep 26 17:50:42 raspberrypi kernel: [    0.000000]     modules : 0xbf000000 - 0xc0000000   (  16 MB)
Sep 26 17:50:42 raspberrypi kernel: [    0.000000]       .text : 0xc0008000 - 0xc05d6bbc   (5947 kB)
Sep 26 17:50:42 raspberrypi kernel: [    0.000000]       .init : 0xc0840000 - 0xc08a4000   ( 400 kB)
Sep 26 17:50:42 raspberrypi kernel: [    0.000000]       .data : 0xc08a4000 - 0xc091e728   ( 490 kB)
Sep 26 17:50:42 raspberrypi kernel: [    0.000000]        .bss : 0xc091e728 - 0xc09d5f28   ( 734 kB)
Sep 26 17:50:42 raspberrypi kernel: [    0.000000] SLUB: HWalign=32, Order=0-3, MinObjects=0, CPUs=1, Nodes=1
Sep 26 17:50:42 raspberrypi kernel: [    0.000000] NR_IRQS:16 nr_irqs:16 16
Sep 26 17:50:42 raspberrypi kernel: [    0.000030] sched_clock: 32 bits at 1000kHz, resolution 1000ns, wraps every 2147483647500ns
Sep 26 17:50:42 raspberrypi kernel: [    0.000073] clocksource: timer: mask: 0xffffffff max_cycles: 0xffffffff, max_idle_ns: 1911260446275 ns
Sep 26 17:50:42 raspberrypi kernel: [    0.000172] bcm2835: system timer (irq = 27)
Sep 26 17:50:42 raspberrypi kernel: [    0.000664] Console: colour dummy device 80x30
Sep 26 17:50:42 raspberrypi kernel: [    0.001424] console [tty1] enabled
Sep 26 17:50:42 raspberrypi kernel: [    0.001484] Calibrating delay loop... 697.95 BogoMIPS (lpj=3489792)
Sep 26 17:50:42 raspberrypi kernel: [    0.060350] pid_max: default: 32768 minimum: 301
Sep 26 17:50:42 raspberrypi kernel: [    0.060819] Mount-cache hash table entries: 1024 (order: 0, 4096 bytes)
Sep 26 17:50:42 raspberrypi kernel: [    0.060889] Mountpoint-cache hash table entries: 1024 (order: 0, 4096 bytes)
Sep 26 17:50:42 raspberrypi kernel: [    0.062007] Disabling cpuset control group subsystem
Sep 26 17:50:42 raspberrypi kernel: [    0.062279] CPU: Testing write buffer coherency: ok
Sep 26 17:50:42 raspberrypi kernel: [    0.062389] ftrace: allocating 21712 entries in 64 pages
Sep 26 17:50:42 raspberrypi kernel: [    0.177069] Setting up static identity map for 0x8200 - 0x8238
Sep 26 17:50:42 raspberrypi kernel: [    0.179138] devtmpfs: initialized
Sep 26 17:50:42 raspberrypi kernel: [    0.188763] VFP support v0.3: implementor 41 architecture 1 part 20 variant b rev 5
Sep 26 17:50:42 raspberrypi kernel: [    0.189256] clocksource: jiffies: mask: 0xffffffff max_cycles: 0xffffffff, max_idle_ns: 19112604462750000 ns
Sep 26 17:50:42 raspberrypi kernel: [    0.189354] futex hash table entries: 256 (order: -1, 3072 bytes)
Sep 26 17:50:42 raspberrypi kernel: [    0.190694] pinctrl core: initialized pinctrl subsystem
Sep 26 17:50:42 raspberrypi kernel: [    0.192209] NET: Registered protocol family 16
Sep 26 17:50:42 raspberrypi kernel: [    0.194699] DMA: preallocated 1024 KiB pool for atomic coherent allocations
Sep 26 17:50:42 raspberrypi kernel: [    0.204435] hw-breakpoint: found 6 breakpoint and 1 watchpoint registers.
Sep 26 17:50:42 raspberrypi kernel: [    0.204528] hw-breakpoint: maximum watchpoint size is 4 bytes.
Sep 26 17:50:42 raspberrypi kernel: [    0.204670] Serial: AMBA PL011 UART driver
Sep 26 17:50:42 raspberrypi kernel: [    0.207604] bcm2835-mbox 2000b880.mailbox: mailbox enabled
Sep 26 17:50:42 raspberrypi kernel: [    0.208398] uart-pl011 20201000.serial: could not find pctldev for node /soc/gpio@7e200000/uart0_pins, deferring probe
Sep 26 17:50:42 raspberrypi kernel: [    0.209224] irq: no irq domain found for /soc/aux@0x7e215000 !
Sep 26 17:50:42 raspberrypi kernel: [    0.258505] bcm2835-dma 20007000.dma: DMA legacy API manager at dc80d000, dmachans=0x1
Sep 26 17:50:42 raspberrypi kernel: [    0.261200] SCSI subsystem initialized
Sep 26 17:50:42 raspberrypi kernel: [    0.261509] usbcore: registered new interface driver usbfs
Sep 26 17:50:42 raspberrypi kernel: [    0.261687] usbcore: registered new interface driver hub
Sep 26 17:50:42 raspberrypi kernel: [    0.261923] usbcore: registered new device driver usb
Sep 26 17:50:42 raspberrypi kernel: [    0.267137] raspberrypi-firmware soc:firmware: Attached to firmware from 2017-07-03 14:16
Sep 26 17:50:42 raspberrypi kernel: [    0.269107] clocksource: Switched to clocksource timer
Sep 26 17:50:42 raspberrypi kernel: [    0.325362] VFS: Disk quotas dquot_6.6.0
Sep 26 17:50:42 raspberrypi kernel: [    0.325556] VFS: Dquot-cache hash table entries: 1024 (order 0, 4096 bytes)
Sep 26 17:50:42 raspberrypi kernel: [    0.325906] FS-Cache: Loaded
Sep 26 17:50:42 raspberrypi kernel: [    0.326306] CacheFiles: Loaded
Sep 26 17:50:42 raspberrypi kernel: [    0.345594] NET: Registered protocol family 2
Sep 26 17:50:42 raspberrypi kernel: [    0.347039] TCP established hash table entries: 4096 (order: 2, 16384 bytes)
Sep 26 17:50:42 raspberrypi kernel: [    0.347195] TCP bind hash table entries: 4096 (order: 2, 16384 bytes)
Sep 26 17:50:42 raspberrypi kernel: [    0.347328] TCP: Hash tables configured (established 4096 bind 4096)
Sep 26 17:50:42 raspberrypi kernel: [    0.347454] UDP hash table entries: 256 (order: 0, 4096 bytes)
Sep 26 17:50:42 raspberrypi kernel: [    0.347518] UDP-Lite hash table entries: 256 (order: 0, 4096 bytes)
Sep 26 17:50:42 raspberrypi kernel: [    0.347856] NET: Registered protocol family 1
Sep 26 17:50:42 raspberrypi kernel: [    0.348662] RPC: Registered named UNIX socket transport module.
Sep 26 17:50:42 raspberrypi kernel: [    0.348740] RPC: Registered udp transport module.
Sep 26 17:50:42 raspberrypi kernel: [    0.348779] RPC: Registered tcp transport module.
Sep 26 17:50:42 raspberrypi kernel: [    0.348814] RPC: Registered tcp NFSv4.1 backchannel transport module.
Sep 26 17:50:42 raspberrypi kernel: [    0.350108] hw perfevents: enabled with armv6_1176 PMU driver, 3 counters available
Sep 26 17:50:42 raspberrypi kernel: [    0.352623] workingset: timestamp_bits=14 max_order=17 bucket_order=3
Sep 26 17:50:42 raspberrypi kernel: [    0.372642] FS-Cache: Netfs 'nfs' registered for caching
Sep 26 17:50:42 raspberrypi kernel: [    0.374494] NFS: Registering the id_resolver key type
Sep 26 17:50:42 raspberrypi kernel: [    0.374604] Key type id_resolver registered
Sep 26 17:50:42 raspberrypi kernel: [    0.374646] Key type id_legacy registered
Sep 26 17:50:42 raspberrypi kernel: [    0.379221] Block layer SCSI generic (bsg) driver version 0.4 loaded (major 251)
Sep 26 17:50:42 raspberrypi kernel: [    0.379701] io scheduler noop registered
Sep 26 17:50:42 raspberrypi kernel: [    0.379765] io scheduler deadline registered (default)
Sep 26 17:50:42 raspberrypi kernel: [    0.380272] io scheduler cfq registered
Sep 26 17:50:42 raspberrypi kernel: [    0.386053] BCM2708FB: allocated DMA memory 5b500000
Sep 26 17:50:42 raspberrypi kernel: [    0.386185] BCM2708FB: allocated DMA channel 0 @ dc80d000
Sep 26 17:50:42 raspberrypi kernel: [    0.395054] Console: switching to colour frame buffer device 80x30
Sep 26 17:50:42 raspberrypi kernel: [    0.406171] Serial: 8250/16550 driver, 1 ports, IRQ sharing enabled
Sep 26 17:50:42 raspberrypi kernel: [    0.411177] bcm2835-aux-uart 20215040.serial: could not get clk: -517
Sep 26 17:50:42 raspberrypi kernel: [    0.416698] bcm2835-rng 20104000.rng: hwrng registered
Sep 26 17:50:42 raspberrypi kernel: [    0.420788] vc-cma: Videocore CMA driver
Sep 26 17:50:42 raspberrypi kernel: [    0.424532] vc-cma: vc_cma_base      = 0x00000000
Sep 26 17:50:42 raspberrypi kernel: [    0.428177] vc-cma: vc_cma_size      = 0x00000000 (0 MiB)
Sep 26 17:50:42 raspberrypi kernel: [    0.431771] vc-cma: vc_cma_initial   = 0x00000000 (0 MiB)
Sep 26 17:50:42 raspberrypi kernel: [    0.435684] vc-mem: phys_addr:0x00000000 mem_base=0x1ec00000 mem_size:0x20000000(512 MiB)
Sep 26 17:50:42 raspberrypi kernel: [    0.468010] brd: module loaded
Sep 26 17:50:42 raspberrypi kernel: [    0.484088] loop: module loaded
Sep 26 17:50:42 raspberrypi kernel: [    0.487610] Loading iSCSI transport class v2.0-870.
Sep 26 17:50:42 raspberrypi kernel: [    0.492073] usbcore: registered new interface driver smsc95xx
Sep 26 17:50:42 raspberrypi kernel: [    0.495753] dwc_otg: version 3.00a 10-AUG-2012 (platform bus)
Sep 26 17:50:42 raspberrypi kernel: [    0.727739] Core Release: 2.80a
Sep 26 17:50:42 raspberrypi kernel: [    0.731437] Setting default values for core params
Sep 26 17:50:42 raspberrypi kernel: [    0.734959] Finished setting default values for core params
Sep 26 17:50:42 raspberrypi kernel: [    0.938764] Using Buffer DMA mode
Sep 26 17:50:42 raspberrypi kernel: [    0.942252] Periodic Transfer Interrupt Enhancement - disabled
Sep 26 17:50:42 raspberrypi kernel: [    0.945708] Multiprocessor Interrupt Enhancement - disabled
Sep 26 17:50:42 raspberrypi kernel: [    0.949193] OTG VER PARAM: 0, OTG VER FLAG: 0
Sep 26 17:50:42 raspberrypi kernel: [    0.952757] Dedicated Tx FIFOs mode
Sep 26 17:50:42 raspberrypi kernel: [    0.956828] WARN::dwc_otg_hcd_init:1032: FIQ DMA bounce buffers: virt = 0xdb514000 dma = 0x5b514000 len=9024
Sep 26 17:50:42 raspberrypi kernel: [    0.963856] FIQ FSM acceleration enabled for :
Sep 26 17:50:42 raspberrypi kernel: [    0.963856] Non-periodic Split Transactions
Sep 26 17:50:42 raspberrypi kernel: [    0.963856] Periodic Split Transactions
Sep 26 17:50:42 raspberrypi kernel: [    0.963856] High-Speed Isochronous Endpoints
Sep 26 17:50:42 raspberrypi kernel: [    0.963856] Interrupt/Control Split Transaction hack enabled
Sep 26 17:50:42 raspberrypi kernel: [    0.981206] dwc_otg: Microframe scheduler enabled
Sep 26 17:50:42 raspberrypi kernel: [    0.981350] WARN::hcd_init_fiq:459: FIQ on core 0 at 0xc04512ec
Sep 26 17:50:42 raspberrypi kernel: [    0.984920] WARN::hcd_init_fiq:460: FIQ ASM at 0xc04515c8 length 36
Sep 26 17:50:42 raspberrypi kernel: [    0.988383] WARN::hcd_init_fiq:486: MPHI regs_base at 0xdc8a5000
Sep 26 17:50:42 raspberrypi kernel: [    0.991958] dwc_otg 20980000.usb: DWC OTG Controller
Sep 26 17:50:42 raspberrypi kernel: [    0.995498] dwc_otg 20980000.usb: new USB bus registered, assigned bus number 1
Sep 26 17:50:42 raspberrypi kernel: [    1.002544] dwc_otg 20980000.usb: irq 56, io mem 0x00000000
Sep 26 17:50:42 raspberrypi kernel: [    1.006315] Init: Port Power? op_state=1
Sep 26 17:50:42 raspberrypi kernel: [    1.010028] Init: Power Port (0)
Sep 26 17:50:42 raspberrypi kernel: [    1.013964] usb usb1: New USB device found, idVendor=1d6b, idProduct=0002
Sep 26 17:50:42 raspberrypi kernel: [    1.017660] usb usb1: New USB device strings: Mfr=3, Product=2, SerialNumber=1
Sep 26 17:50:42 raspberrypi kernel: [    1.024963] usb usb1: Product: DWC OTG Controller
Sep 26 17:50:42 raspberrypi kernel: [    1.028681] usb usb1: Manufacturer: Linux 4.9.35+ dwc_otg_hcd
Sep 26 17:50:42 raspberrypi kernel: [    1.032418] usb usb1: SerialNumber: 20980000.usb
Sep 26 17:50:42 raspberrypi kernel: [    1.037288] hub 1-0:1.0: USB hub found
Sep 26 17:50:42 raspberrypi kernel: [    1.041174] hub 1-0:1.0: 1 port detected
Sep 26 17:50:42 raspberrypi kernel: [    1.045714] dwc_otg: FIQ enabled
Sep 26 17:50:42 raspberrypi kernel: [    1.045725] dwc_otg: NAK holdoff enabled
Sep 26 17:50:42 raspberrypi kernel: [    1.045731] dwc_otg: FIQ split-transaction FSM enabled
Sep 26 17:50:42 raspberrypi kernel: [    1.045751] Module dwc_common_port init
Sep 26 17:50:42 raspberrypi kernel: [    1.046256] usbcore: registered new interface driver usb-storage
Sep 26 17:50:42 raspberrypi kernel: [    1.050591] mousedev: PS/2 mouse device common for all mice
Sep 26 17:50:42 raspberrypi kernel: [    1.055936] bcm2835-wdt 20100000.watchdog: Broadcom BCM2835 watchdog timer
Sep 26 17:50:42 raspberrypi kernel: [    1.060302] bcm2835-cpufreq: min=700000 max=1000000
Sep 26 17:50:42 raspberrypi kernel: [    1.064681] sdhci: Secure Digital Host Controller Interface driver
Sep 26 17:50:42 raspberrypi kernel: [    1.068465] sdhci: Copyright(c) Pierre Ossman
Sep 26 17:50:42 raspberrypi kernel: [    1.072658] sdhost-bcm2835 20202000.sdhost: could not get clk, deferring probe
Sep 26 17:50:42 raspberrypi kernel: [    1.082519] mmc-bcm2835 20300000.mmc: could not get clk, deferring probe
Sep 26 17:50:42 raspberrypi kernel: [    1.086599] sdhci-pltfm: SDHCI platform and OF driver helper
Sep 26 17:50:42 raspberrypi kernel: [    1.091118] ledtrig-cpu: registered to indicate activity on CPUs
Sep 26 17:50:42 raspberrypi kernel: [    1.095255] hidraw: raw HID events driver (C) Jiri Kosina
Sep 26 17:50:42 raspberrypi kernel: [    1.099548] usbcore: registered new interface driver usbhid
Sep 26 17:50:42 raspberrypi kernel: [    1.103487] usbhid: USB HID core driver
Sep 26 17:50:42 raspberrypi kernel: [    1.108659] vchiq: vchiq_init_state: slot_zero = 0xdb580000, is_master = 0
Sep 26 17:50:42 raspberrypi kernel: [    1.115250] Initializing XFRM netlink socket
Sep 26 17:50:42 raspberrypi kernel: [    1.119916] NET: Registered protocol family 17
Sep 26 17:50:42 raspberrypi kernel: [    1.124560] Key type dns_resolver registered
Sep 26 17:50:42 raspberrypi kernel: [    1.130697] registered taskstats version 1
Sep 26 17:50:42 raspberrypi kernel: [    1.135105] vc-sm: Videocore shared memory driver
Sep 26 17:50:42 raspberrypi kernel: [    1.138981] [vc_sm_connected_init]: start
Sep 26 17:50:42 raspberrypi kernel: [    1.143988] [vc_sm_connected_init]: end - returning 0
Sep 26 17:50:42 raspberrypi kernel: [    1.156596] 20201000.serial: ttyAMA0 at MMIO 0x20201000 (irq = 81, base_baud = 0) is a PL011 rev2
Sep 26 17:50:42 raspberrypi kernel: [    1.166837] 20215040.serial: ttyS0 at MMIO 0x0 (irq = 214, base_baud = 31250000) is a 16550
Sep 26 17:50:42 raspberrypi kernel: [    1.176069] sdhost: log_buf @ db513000 (5b513000)
Sep 26 17:50:42 raspberrypi kernel: [    1.259186] mmc0: sdhost-bcm2835 loaded - DMA enabled (>1)
Sep 26 17:50:42 raspberrypi kernel: [    1.265844] mmc-bcm2835 20300000.mmc: mmc_debug:0 mmc_debug2:0
Sep 26 17:50:42 raspberrypi kernel: [    1.270132] mmc-bcm2835 20300000.mmc: DMA channel allocated
Sep 26 17:50:42 raspberrypi kernel: [    1.303191] random: fast init done
Sep 26 17:50:42 raspberrypi kernel: [    1.346785] mmc0: host does not support reading read-only switch, assuming write-enable
Sep 26 17:50:42 raspberrypi kernel: [    1.355080] of_cfs_init
Sep 26 17:50:42 raspberrypi kernel: [    1.366394] mmc0: new high speed SDHC card at address 1234
Sep 26 17:50:42 raspberrypi kernel: [    1.372967] of_cfs_init: OK
Sep 26 17:50:42 raspberrypi kernel: [    1.380864] mmcblk0: mmc0:1234 SA08G 7.21 GiB
Sep 26 17:50:42 raspberrypi kernel: [    1.387563]  mmcblk0: p1 p2
Sep 26 17:50:42 raspberrypi kernel: [    1.400575] mmc1: queuing unknown CIS tuple 0x80 (2 bytes)
Sep 26 17:50:42 raspberrypi kernel: [    1.407064] mmc1: queuing unknown CIS tuple 0x80 (3 bytes)
Sep 26 17:50:42 raspberrypi kernel: [    1.413671] EXT4-fs (mmcblk0p2): mounted filesystem with ordered data mode. Opts: (null)
Sep 26 17:50:42 raspberrypi kernel: [    1.421437] VFS: Mounted root (ext4 filesystem) readonly on device 179:2.
Sep 26 17:50:42 raspberrypi kernel: [    1.425855] mmc1: queuing unknown CIS tuple 0x80 (3 bytes)
Sep 26 17:50:42 raspberrypi kernel: [    1.430247] devtmpfs: mounted
Sep 26 17:50:42 raspberrypi kernel: [    1.435293] Freeing unused kernel memory: 400K (c0840000 - c08a4000)
Sep 26 17:50:42 raspberrypi kernel: [    1.439265] This architecture does not have kernel memory protection.
Sep 26 17:50:42 raspberrypi kernel: [    1.446329] mmc1: queuing unknown CIS tuple 0x80 (7 bytes)
Sep 26 17:50:42 raspberrypi kernel: [    1.568403] mmc1: new high speed SDIO card at address 0001
Sep 26 17:50:42 raspberrypi kernel: [    1.992800] NET: Registered protocol family 10
Sep 26 17:50:42 raspberrypi kernel: [    3.303622] fuse init (API version 7.26)
Sep 26 17:50:42 raspberrypi kernel: [    3.328341] i2c /dev entries driver
Sep 26 17:50:42 raspberrypi kernel: [    6.564483] EXT4-fs (mmcblk0p2): re-mounted. Opts: (null)
Sep 26 17:50:42 raspberrypi kernel: [    6.661207] gpiomem-bcm2835 20200000.gpiomem: Initialised: Registers at 0x20200000
Sep 26 17:50:42 raspberrypi kernel: [    6.777740] spi-bcm2835 20204000.spi: chipselect 1 already in use
Sep 26 17:50:42 raspberrypi kernel: [    6.777762] spi_master spi0: spi_device register error /soc/spi@7e204000/ads7846@1
Sep 26 17:50:42 raspberrypi kernel: [    6.777780] spi_master spi0: Failed to create SPI device for /soc/spi@7e204000/ads7846@1
Sep 26 17:50:42 raspberrypi kernel: [    7.601096] usbcore: registered new interface driver brcmfmac
Sep 26 17:50:42 raspberrypi kernel: [    7.772358] brcmfmac: Firmware version = wl0: Aug  7 2017 00:46:29 version 7.45.41.46 (r666254 CY) FWID 01-f8a78378
Sep 26 17:50:42 raspberrypi kernel: [    9.852273] spi0.1 supply vcc not found, using dummy regulator
Sep 26 17:50:42 raspberrypi kernel: [    9.864831] ads7846 spi0.1: touchscreen, irq 177
Sep 26 17:50:42 raspberrypi kernel: [    9.865329] fbtft: module is from the staging directory, the quality is unknown, you have been warned.
Sep 26 17:50:42 raspberrypi kernel: [    9.879770] input: ADS7846 Touchscreen as /devices/platform/soc/20204000.spi/spi_master/spi0/spi0.1/input/input0
Sep 26 17:50:42 raspberrypi kernel: [    9.905015] fb_ili9486: module is from the staging directory, the quality is unknown, you have been warned.
Sep 26 17:50:42 raspberrypi kernel: [    9.905971] fbtft_of_value: regwidth = 16
Sep 26 17:50:42 raspberrypi kernel: [    9.905985] fbtft_of_value: buswidth = 8
Sep 26 17:50:42 raspberrypi kernel: [    9.905992] fbtft_of_value: debug = 0
Sep 26 17:50:42 raspberrypi kernel: [    9.905999] fbtft_of_value: rotate = 270
Sep 26 17:50:42 raspberrypi kernel: [    9.906005] fbtft_of_value: fps = 30
Sep 26 17:50:42 raspberrypi kernel: [    9.906011] fbtft_of_value: txbuflen = 32768
Sep 26 17:50:42 raspberrypi kernel: [   11.691746] graphics fb1: fb_ili9486 frame buffer, 480x320, 300 KiB video memory, 32 KiB DMA buffer memory, fps=33, spi0.0 at 15 MHz
Sep 26 17:50:42 raspberrypi kernel: [   13.071750] IPv6: ADDRCONF(NETDEV_UP): wlan0: link is not ready
Sep 26 17:50:42 raspberrypi kernel: [   13.071796] brcmfmac: power management disabled
Sep 26 17:50:42 raspberrypi kernel: [   13.519574] brcmfmac: power management disabled
Sep 26 17:50:43 raspberrypi kernel: [   14.446883] uart-pl011 20201000.serial: no DMA platform data
Sep 26 17:50:45 raspberrypi kernel: [   16.344566] ip_tables: (C) 2000-2006 Netfilter Core Team
Sep 26 17:50:45 raspberrypi kernel: [   16.384399] IPv6: ADDRCONF(NETDEV_CHANGE): wlan0: link becomes ready
Sep 26 17:50:45 raspberrypi kernel: [   16.567021] nf_conntrack version 0.5.0 (7168 buckets, 28672 max)
Sep 26 17:50:45 raspberrypi kernel: [   16.985835] Adding 102396k swap on /var/swap.  Priority:-1 extents:4 across:167932k SSFS
Sep 26 17:50:47 raspberrypi kernel: [   19.119549] Bluetooth: Core ver 2.22
Sep 26 17:50:47 raspberrypi kernel: [   19.119733] NET: Registered protocol family 31
Sep 26 17:50:47 raspberrypi kernel: [   19.119742] Bluetooth: HCI device and connection manager initialized
Sep 26 17:50:47 raspberrypi kernel: [   19.121855] Bluetooth: HCI socket layer initialized
Sep 26 17:50:47 raspberrypi kernel: [   19.121884] Bluetooth: L2CAP socket layer initialized
Sep 26 17:50:47 raspberrypi kernel: [   19.121945] Bluetooth: SCO socket layer initialized
Sep 26 17:50:47 raspberrypi kernel: [   19.187759] Bluetooth: HCI UART driver ver 2.3
Sep 26 17:50:47 raspberrypi kernel: [   19.187777] Bluetooth: HCI UART protocol H4 registered
Sep 26 17:50:47 raspberrypi kernel: [   19.187783] Bluetooth: HCI UART protocol Three-wire (H5) registered
Sep 26 17:50:47 raspberrypi kernel: [   19.188040] Bluetooth: HCI UART protocol Broadcom registered
Sep 26 17:50:49 raspberrypi kernel: [   20.950741] Bluetooth: BNEP (Ethernet Emulation) ver 1.3
Sep 26 17:50:49 raspberrypi kernel: [   20.950754] Bluetooth: BNEP filters: protocol multicast
Sep 26 17:50:49 raspberrypi kernel: [   20.950789] Bluetooth: BNEP socket layer initialized
Sep 26 17:51:56 raspberrypi kernel: [   62.475383] random: crng init done
Sep 26 18:33:28 raspberrypi kernel: [    0.000000] Booting Linux on physical CPU 0x0
Sep 26 18:33:28 raspberrypi kernel: [    0.000000] Linux version 4.9.35+ (dc4@dc4-XPS13-9333) (gcc version 4.9.3 (crosstool-NG crosstool-ng-1.22.0-88-g8460611) ) #1014 Fri Jun 30 14:34:49 BST 2017
Sep 26 18:33:28 raspberrypi kernel: [    0.000000] CPU: ARMv6-compatible processor [410fb767] revision 7 (ARMv7), cr=00c5387d
Sep 26 18:33:28 raspberrypi kernel: [    0.000000] CPU: PIPT / VIPT nonaliasing data cache, VIPT nonaliasing instruction cache
Sep 26 18:33:28 raspberrypi kernel: [    0.000000] OF: fdt:Machine model: Raspberry Pi Zero W Rev 1.1
Sep 26 18:33:28 raspberrypi kernel: [    0.000000] cma: Reserved 8 MiB at 0x1b400000
Sep 26 18:33:28 raspberrypi kernel: [    0.000000] Memory policy: Data cache writeback
Sep 26 18:33:28 raspberrypi kernel: [    0.000000] On node 0 totalpages: 114688
Sep 26 18:33:28 raspberrypi kernel: [    0.000000] free_area_init_node: node 0, pgdat c0914874, node_mem_map db010000
Sep 26 18:33:28 raspberrypi kernel: [    0.000000]   Normal zone: 1008 pages used for memmap
Sep 26 18:33:28 raspberrypi kernel: [    0.000000]   Normal zone: 0 pages reserved
Sep 26 18:33:28 raspberrypi kernel: [    0.000000]   Normal zone: 114688 pages, LIFO batch:31
Sep 26 18:33:28 raspberrypi kernel: [    0.000000] pcpu-alloc: s0 r0 d32768 u32768 alloc=1*32768
Sep 26 18:33:28 raspberrypi kernel: [    0.000000] pcpu-alloc: [0] 0 
Sep 26 18:33:28 raspberrypi kernel: [    0.000000] Built 1 zonelists in Zone order, mobility grouping on.  Total pages: 113680
Sep 26 18:33:28 raspberrypi kernel: [    0.000000] Kernel command line: 8250.nr_uarts=1 bcm2708_fb.fbwidth=640 bcm2708_fb.fbheight=480 bcm2708_fb.fbswap=1 smsc95xx.macaddr=B8:27:EB:5C:98:6F vc_mem.mem_base=0x1ec00000 vc_mem.mem_size=0x20000000  dwc_otg.lpm_enable=0 console=tty1 root=/dev/mmcblk0p2 rootfstype=ext4 elevator=deadline rootwait fbcon=map:10 fbcon=font:ProFont6x11 logo.nologo
Sep 26 18:33:28 raspberrypi kernel: [    0.000000] PID hash table entries: 2048 (order: 1, 8192 bytes)
Sep 26 18:33:28 raspberrypi kernel: [    0.000000] Dentry cache hash table entries: 65536 (order: 6, 262144 bytes)
Sep 26 18:33:28 raspberrypi kernel: [    0.000000] Inode-cache hash table entries: 32768 (order: 5, 131072 bytes)
Sep 26 18:33:28 raspberrypi kernel: [    0.000000] Memory: 435936K/458752K available (5946K kernel code, 489K rwdata, 1948K rodata, 400K init, 734K bss, 14624K reserved, 8192K cma-reserved)
Sep 26 18:33:28 raspberrypi kernel: [    0.000000] Virtual kernel memory layout:
Sep 26 18:33:28 raspberrypi kernel: [    0.000000]     vector  : 0xffff0000 - 0xffff1000   (   4 kB)
Sep 26 18:33:28 raspberrypi kernel: [    0.000000]     fixmap  : 0xffc00000 - 0xfff00000   (3072 kB)
Sep 26 18:33:28 raspberrypi kernel: [    0.000000]     vmalloc : 0xdc800000 - 0xff800000   ( 560 MB)
Sep 26 18:33:28 raspberrypi kernel: [    0.000000]     lowmem  : 0xc0000000 - 0xdc000000   ( 448 MB)
Sep 26 18:33:28 raspberrypi kernel: [    0.000000]     modules : 0xbf000000 - 0xc0000000   (  16 MB)
Sep 26 18:33:28 raspberrypi kernel: [    0.000000]       .text : 0xc0008000 - 0xc05d6bbc   (5947 kB)
Sep 26 18:33:28 raspberrypi kernel: [    0.000000]       .init : 0xc0840000 - 0xc08a4000   ( 400 kB)
Sep 26 18:33:28 raspberrypi kernel: [    0.000000]       .data : 0xc08a4000 - 0xc091e728   ( 490 kB)
Sep 26 18:33:28 raspberrypi kernel: [    0.000000]        .bss : 0xc091e728 - 0xc09d5f28   ( 734 kB)
Sep 26 18:33:28 raspberrypi kernel: [    0.000000] SLUB: HWalign=32, Order=0-3, MinObjects=0, CPUs=1, Nodes=1
Sep 26 18:33:28 raspberrypi kernel: [    0.000000] NR_IRQS:16 nr_irqs:16 16
Sep 26 18:33:28 raspberrypi kernel: [    0.000029] sched_clock: 32 bits at 1000kHz, resolution 1000ns, wraps every 2147483647500ns
Sep 26 18:33:28 raspberrypi kernel: [    0.000072] clocksource: timer: mask: 0xffffffff max_cycles: 0xffffffff, max_idle_ns: 1911260446275 ns
Sep 26 18:33:28 raspberrypi kernel: [    0.000171] bcm2835: system timer (irq = 27)
Sep 26 18:33:28 raspberrypi kernel: [    0.000664] Console: colour dummy device 80x30
Sep 26 18:33:28 raspberrypi kernel: [    0.001425] console [tty1] enabled
Sep 26 18:33:28 raspberrypi kernel: [    0.001487] Calibrating delay loop... 697.95 BogoMIPS (lpj=3489792)
Sep 26 18:33:28 raspberrypi kernel: [    0.060350] pid_max: default: 32768 minimum: 301
Sep 26 18:33:28 raspberrypi kernel: [    0.060817] Mount-cache hash table entries: 1024 (order: 0, 4096 bytes)
Sep 26 18:33:28 raspberrypi kernel: [    0.060887] Mountpoint-cache hash table entries: 1024 (order: 0, 4096 bytes)
Sep 26 18:33:28 raspberrypi kernel: [    0.061998] Disabling cpuset control group subsystem
Sep 26 18:33:28 raspberrypi kernel: [    0.062277] CPU: Testing write buffer coherency: ok
Sep 26 18:33:28 raspberrypi kernel: [    0.062384] ftrace: allocating 21712 entries in 64 pages
Sep 26 18:33:28 raspberrypi kernel: [    0.177061] Setting up static identity map for 0x8200 - 0x8238
Sep 26 18:33:28 raspberrypi kernel: [    0.179138] devtmpfs: initialized
Sep 26 18:33:28 raspberrypi kernel: [    0.188762] VFP support v0.3: implementor 41 architecture 1 part 20 variant b rev 5
Sep 26 18:33:28 raspberrypi kernel: [    0.189254] clocksource: jiffies: mask: 0xffffffff max_cycles: 0xffffffff, max_idle_ns: 19112604462750000 ns
Sep 26 18:33:28 raspberrypi kernel: [    0.189354] futex hash table entries: 256 (order: -1, 3072 bytes)
Sep 26 18:33:28 raspberrypi kernel: [    0.190688] pinctrl core: initialized pinctrl subsystem
Sep 26 18:33:28 raspberrypi kernel: [    0.192193] NET: Registered protocol family 16
Sep 26 18:33:28 raspberrypi kernel: [    0.194687] DMA: preallocated 1024 KiB pool for atomic coherent allocations
Sep 26 18:33:28 raspberrypi kernel: [    0.204417] hw-breakpoint: found 6 breakpoint and 1 watchpoint registers.
Sep 26 18:33:28 raspberrypi kernel: [    0.204510] hw-breakpoint: maximum watchpoint size is 4 bytes.
Sep 26 18:33:28 raspberrypi kernel: [    0.204650] Serial: AMBA PL011 UART driver
Sep 26 18:33:28 raspberrypi kernel: [    0.207585] bcm2835-mbox 2000b880.mailbox: mailbox enabled
Sep 26 18:33:28 raspberrypi kernel: [    0.208379] uart-pl011 20201000.serial: could not find pctldev for node /soc/gpio@7e200000/uart0_pins, deferring probe
Sep 26 18:33:28 raspberrypi kernel: [    0.209197] irq: no irq domain found for /soc/aux@0x7e215000 !
Sep 26 18:33:28 raspberrypi kernel: [    0.258510] bcm2835-dma 20007000.dma: DMA legacy API manager at dc80d000, dmachans=0x1
Sep 26 18:33:28 raspberrypi kernel: [    0.261212] SCSI subsystem initialized
Sep 26 18:33:28 raspberrypi kernel: [    0.261519] usbcore: registered new interface driver usbfs
Sep 26 18:33:28 raspberrypi kernel: [    0.261697] usbcore: registered new interface driver hub
Sep 26 18:33:28 raspberrypi kernel: [    0.261934] usbcore: registered new device driver usb
Sep 26 18:33:28 raspberrypi kernel: [    0.267124] raspberrypi-firmware soc:firmware: Attached to firmware from 2017-07-03 14:16
Sep 26 18:33:28 raspberrypi kernel: [    0.269093] clocksource: Switched to clocksource timer
Sep 26 18:33:28 raspberrypi kernel: [    0.325348] VFS: Disk quotas dquot_6.6.0
Sep 26 18:33:28 raspberrypi kernel: [    0.325544] VFS: Dquot-cache hash table entries: 1024 (order 0, 4096 bytes)
Sep 26 18:33:28 raspberrypi kernel: [    0.325893] FS-Cache: Loaded
Sep 26 18:33:28 raspberrypi kernel: [    0.326296] CacheFiles: Loaded
Sep 26 18:33:28 raspberrypi kernel: [    0.345607] NET: Registered protocol family 2
Sep 26 18:33:28 raspberrypi kernel: [    0.347054] TCP established hash table entries: 4096 (order: 2, 16384 bytes)
Sep 26 18:33:28 raspberrypi kernel: [    0.347210] TCP bind hash table entries: 4096 (order: 2, 16384 bytes)
Sep 26 18:33:28 raspberrypi kernel: [    0.347342] TCP: Hash tables configured (established 4096 bind 4096)
Sep 26 18:33:28 raspberrypi kernel: [    0.347469] UDP hash table entries: 256 (order: 0, 4096 bytes)
Sep 26 18:33:28 raspberrypi kernel: [    0.347534] UDP-Lite hash table entries: 256 (order: 0, 4096 bytes)
Sep 26 18:33:28 raspberrypi kernel: [    0.347875] NET: Registered protocol family 1
Sep 26 18:33:28 raspberrypi kernel: [    0.348682] RPC: Registered named UNIX socket transport module.
Sep 26 18:33:28 raspberrypi kernel: [    0.348759] RPC: Registered udp transport module.
Sep 26 18:33:28 raspberrypi kernel: [    0.348797] RPC: Registered tcp transport module.
Sep 26 18:33:28 raspberrypi kernel: [    0.348832] RPC: Registered tcp NFSv4.1 backchannel transport module.
Sep 26 18:33:28 raspberrypi kernel: [    0.350123] hw perfevents: enabled with armv6_1176 PMU driver, 3 counters available
Sep 26 18:33:28 raspberrypi kernel: [    0.352647] workingset: timestamp_bits=14 max_order=17 bucket_order=3
Sep 26 18:33:28 raspberrypi kernel: [    0.372692] FS-Cache: Netfs 'nfs' registered for caching
Sep 26 18:33:28 raspberrypi kernel: [    0.374542] NFS: Registering the id_resolver key type
Sep 26 18:33:28 raspberrypi kernel: [    0.374655] Key type id_resolver registered
Sep 26 18:33:28 raspberrypi kernel: [    0.374699] Key type id_legacy registered
Sep 26 18:33:28 raspberrypi kernel: [    0.379290] Block layer SCSI generic (bsg) driver version 0.4 loaded (major 251)
Sep 26 18:33:28 raspberrypi kernel: [    0.379772] io scheduler noop registered
Sep 26 18:33:28 raspberrypi kernel: [    0.379837] io scheduler deadline registered (default)
Sep 26 18:33:28 raspberrypi kernel: [    0.380344] io scheduler cfq registered
Sep 26 18:33:28 raspberrypi kernel: [    0.386124] BCM2708FB: allocated DMA memory 5b500000
Sep 26 18:33:28 raspberrypi kernel: [    0.386255] BCM2708FB: allocated DMA channel 0 @ dc80d000
Sep 26 18:33:28 raspberrypi kernel: [    0.395112] Console: switching to colour frame buffer device 80x30
Sep 26 18:33:28 raspberrypi kernel: [    0.406246] Serial: 8250/16550 driver, 1 ports, IRQ sharing enabled
Sep 26 18:33:28 raspberrypi kernel: [    0.411256] bcm2835-aux-uart 20215040.serial: could not get clk: -517
Sep 26 18:33:28 raspberrypi kernel: [    0.416779] bcm2835-rng 20104000.rng: hwrng registered
Sep 26 18:33:28 raspberrypi kernel: [    0.420871] vc-cma: Videocore CMA driver
Sep 26 18:33:28 raspberrypi kernel: [    0.424623] vc-cma: vc_cma_base      = 0x00000000
Sep 26 18:33:28 raspberrypi kernel: [    0.428260] vc-cma: vc_cma_size      = 0x00000000 (0 MiB)
Sep 26 18:33:28 raspberrypi kernel: [    0.431861] vc-cma: vc_cma_initial   = 0x00000000 (0 MiB)
Sep 26 18:33:28 raspberrypi kernel: [    0.435784] vc-mem: phys_addr:0x00000000 mem_base=0x1ec00000 mem_size:0x20000000(512 MiB)
Sep 26 18:33:28 raspberrypi kernel: [    0.468084] brd: module loaded
Sep 26 18:33:28 raspberrypi kernel: [    0.484145] loop: module loaded
Sep 26 18:33:28 raspberrypi kernel: [    0.487670] Loading iSCSI transport class v2.0-870.
Sep 26 18:33:28 raspberrypi kernel: [    0.492133] usbcore: registered new interface driver smsc95xx
Sep 26 18:33:28 raspberrypi kernel: [    0.495808] dwc_otg: version 3.00a 10-AUG-2012 (platform bus)
Sep 26 18:33:28 raspberrypi kernel: [    0.727790] Core Release: 2.80a
Sep 26 18:33:28 raspberrypi kernel: [    0.731480] Setting default values for core params
Sep 26 18:33:28 raspberrypi kernel: [    0.734997] Finished setting default values for core params
Sep 26 18:33:28 raspberrypi kernel: [    0.938772] Using Buffer DMA mode
Sep 26 18:33:28 raspberrypi kernel: [    0.942267] Periodic Transfer Interrupt Enhancement - disabled
Sep 26 18:33:28 raspberrypi kernel: [    0.945713] Multiprocessor Interrupt Enhancement - disabled
Sep 26 18:33:28 raspberrypi kernel: [    0.949211] OTG VER PARAM: 0, OTG VER FLAG: 0
Sep 26 18:33:28 raspberrypi kernel: [    0.952774] Dedicated Tx FIFOs mode
Sep 26 18:33:28 raspberrypi kernel: [    0.956838] WARN::dwc_otg_hcd_init:1032: FIQ DMA bounce buffers: virt = 0xdb514000 dma = 0x5b514000 len=9024
Sep 26 18:33:28 raspberrypi kernel: [    0.963870] FIQ FSM acceleration enabled for :
Sep 26 18:33:28 raspberrypi kernel: [    0.963870] Non-periodic Split Transactions
Sep 26 18:33:28 raspberrypi kernel: [    0.963870] Periodic Split Transactions
Sep 26 18:33:28 raspberrypi kernel: [    0.963870] High-Speed Isochronous Endpoints
Sep 26 18:33:28 raspberrypi kernel: [    0.963870] Interrupt/Control Split Transaction hack enabled
Sep 26 18:33:28 raspberrypi kernel: [    0.981231] dwc_otg: Microframe scheduler enabled
Sep 26 18:33:28 raspberrypi kernel: [    0.981378] WARN::hcd_init_fiq:459: FIQ on core 0 at 0xc04512ec
Sep 26 18:33:28 raspberrypi kernel: [    0.984949] WARN::hcd_init_fiq:460: FIQ ASM at 0xc04515c8 length 36
Sep 26 18:33:28 raspberrypi kernel: [    0.988420] WARN::hcd_init_fiq:486: MPHI regs_base at 0xdc8a5000
Sep 26 18:33:28 raspberrypi kernel: [    0.991999] dwc_otg 20980000.usb: DWC OTG Controller
Sep 26 18:33:28 raspberrypi kernel: [    0.995522] dwc_otg 20980000.usb: new USB bus registered, assigned bus number 1
Sep 26 18:33:28 raspberrypi kernel: [    1.002594] dwc_otg 20980000.usb: irq 56, io mem 0x00000000
Sep 26 18:33:28 raspberrypi kernel: [    1.006375] Init: Port Power? op_state=1
Sep 26 18:33:28 raspberrypi kernel: [    1.010075] Init: Power Port (0)
Sep 26 18:33:28 raspberrypi kernel: [    1.014008] usb usb1: New USB device found, idVendor=1d6b, idProduct=0002
Sep 26 18:33:28 raspberrypi kernel: [    1.017713] usb usb1: New USB device strings: Mfr=3, Product=2, SerialNumber=1
Sep 26 18:33:28 raspberrypi kernel: [    1.025018] usb usb1: Product: DWC OTG Controller
Sep 26 18:33:28 raspberrypi kernel: [    1.028730] usb usb1: Manufacturer: Linux 4.9.35+ dwc_otg_hcd
Sep 26 18:33:28 raspberrypi kernel: [    1.032474] usb usb1: SerialNumber: 20980000.usb
Sep 26 18:33:28 raspberrypi kernel: [    1.037340] hub 1-0:1.0: USB hub found
Sep 26 18:33:28 raspberrypi kernel: [    1.041223] hub 1-0:1.0: 1 port detected
Sep 26 18:33:28 raspberrypi kernel: [    1.045759] dwc_otg: FIQ enabled
Sep 26 18:33:28 raspberrypi kernel: [    1.045769] dwc_otg: NAK holdoff enabled
Sep 26 18:33:28 raspberrypi kernel: [    1.045775] dwc_otg: FIQ split-transaction FSM enabled
Sep 26 18:33:28 raspberrypi kernel: [    1.045795] Module dwc_common_port init
Sep 26 18:33:28 raspberrypi kernel: [    1.046312] usbcore: registered new interface driver usb-storage
Sep 26 18:33:28 raspberrypi kernel: [    1.050643] mousedev: PS/2 mouse device common for all mice
Sep 26 18:33:28 raspberrypi kernel: [    1.055992] bcm2835-wdt 20100000.watchdog: Broadcom BCM2835 watchdog timer
Sep 26 18:33:28 raspberrypi kernel: [    1.060395] bcm2835-cpufreq: min=700000 max=1000000
Sep 26 18:33:28 raspberrypi kernel: [    1.064783] sdhci: Secure Digital Host Controller Interface driver
Sep 26 18:33:28 raspberrypi kernel: [    1.068563] sdhci: Copyright(c) Pierre Ossman
Sep 26 18:33:28 raspberrypi kernel: [    1.072754] sdhost-bcm2835 20202000.sdhost: could not get clk, deferring probe
Sep 26 18:33:28 raspberrypi kernel: [    1.082596] mmc-bcm2835 20300000.mmc: could not get clk, deferring probe
Sep 26 18:33:28 raspberrypi kernel: [    1.086669] sdhci-pltfm: SDHCI platform and OF driver helper
Sep 26 18:33:28 raspberrypi kernel: [    1.091189] ledtrig-cpu: registered to indicate activity on CPUs
Sep 26 18:33:28 raspberrypi kernel: [    1.095321] hidraw: raw HID events driver (C) Jiri Kosina
Sep 26 18:33:28 raspberrypi kernel: [    1.099617] usbcore: registered new interface driver usbhid
Sep 26 18:33:28 raspberrypi kernel: [    1.103550] usbhid: USB HID core driver
Sep 26 18:33:28 raspberrypi kernel: [    1.108721] vchiq: vchiq_init_state: slot_zero = 0xdb580000, is_master = 0
Sep 26 18:33:28 raspberrypi kernel: [    1.115308] Initializing XFRM netlink socket
Sep 26 18:33:28 raspberrypi kernel: [    1.119951] NET: Registered protocol family 17
Sep 26 18:33:28 raspberrypi kernel: [    1.124567] Key type dns_resolver registered
Sep 26 18:33:28 raspberrypi kernel: [    1.130693] registered taskstats version 1
Sep 26 18:33:28 raspberrypi kernel: [    1.135101] vc-sm: Videocore shared memory driver
Sep 26 18:33:28 raspberrypi kernel: [    1.138976] [vc_sm_connected_init]: start
Sep 26 18:33:28 raspberrypi kernel: [    1.143986] [vc_sm_connected_init]: end - returning 0
Sep 26 18:33:28 raspberrypi kernel: [    1.156539] 20201000.serial: ttyAMA0 at MMIO 0x20201000 (irq = 81, base_baud = 0) is a PL011 rev2
Sep 26 18:33:28 raspberrypi kernel: [    1.166782] 20215040.serial: ttyS0 at MMIO 0x0 (irq = 214, base_baud = 31250000) is a 16550
Sep 26 18:33:28 raspberrypi kernel: [    1.176011] sdhost: log_buf @ db513000 (5b513000)
Sep 26 18:33:28 raspberrypi kernel: [    1.259169] mmc0: sdhost-bcm2835 loaded - DMA enabled (>1)
Sep 26 18:33:28 raspberrypi kernel: [    1.265818] mmc-bcm2835 20300000.mmc: mmc_debug:0 mmc_debug2:0
Sep 26 18:33:28 raspberrypi kernel: [    1.270111] mmc-bcm2835 20300000.mmc: DMA channel allocated
Sep 26 18:33:28 raspberrypi kernel: [    1.303119] random: fast init done
Sep 26 18:33:28 raspberrypi kernel: [    1.346760] mmc0: host does not support reading read-only switch, assuming write-enable
Sep 26 18:33:28 raspberrypi kernel: [    1.355064] of_cfs_init
Sep 26 18:33:28 raspberrypi kernel: [    1.364382] mmc0: new high speed SDHC card at address 1234
Sep 26 18:33:28 raspberrypi kernel: [    1.370933] of_cfs_init: OK
Sep 26 18:33:28 raspberrypi kernel: [    1.377802] mmcblk0: mmc0:1234 SA08G 7.21 GiB
Sep 26 18:33:28 raspberrypi kernel: [    1.385346]  mmcblk0: p1 p2
Sep 26 18:33:28 raspberrypi kernel: [    1.396698] mmc1: queuing unknown CIS tuple 0x80 (2 bytes)
Sep 26 18:33:28 raspberrypi kernel: [    1.402416] mmc1: queuing unknown CIS tuple 0x80 (3 bytes)
Sep 26 18:33:28 raspberrypi kernel: [    1.408923] mmc1: queuing unknown CIS tuple 0x80 (3 bytes)
Sep 26 18:33:28 raspberrypi kernel: [    1.415381] EXT4-fs (mmcblk0p2): mounted filesystem with ordered data mode. Opts: (null)
Sep 26 18:33:28 raspberrypi kernel: [    1.422966] VFS: Mounted root (ext4 filesystem) readonly on device 179:2.
Sep 26 18:33:28 raspberrypi kernel: [    1.428593] mmc1: queuing unknown CIS tuple 0x80 (7 bytes)
Sep 26 18:33:28 raspberrypi kernel: [    1.432643] devtmpfs: mounted
Sep 26 18:33:28 raspberrypi kernel: [    1.437660] Freeing unused kernel memory: 400K (c0840000 - c08a4000)
Sep 26 18:33:28 raspberrypi kernel: [    1.441554] This architecture does not have kernel memory protection.
Sep 26 18:33:28 raspberrypi kernel: [    1.552167] mmc1: new high speed SDIO card at address 0001
Sep 26 18:33:28 raspberrypi kernel: [    1.992888] NET: Registered protocol family 10
Sep 26 18:33:28 raspberrypi kernel: [    3.307469] fuse init (API version 7.26)
Sep 26 18:33:28 raspberrypi kernel: [    3.346914] i2c /dev entries driver
Sep 26 18:33:28 raspberrypi kernel: [    6.573912] EXT4-fs (mmcblk0p2): re-mounted. Opts: (null)
Sep 26 18:33:28 raspberrypi kernel: [    6.603643] gpiomem-bcm2835 20200000.gpiomem: Initialised: Registers at 0x20200000
Sep 26 18:33:28 raspberrypi kernel: [    6.962376] spi-bcm2835 20204000.spi: chipselect 1 already in use
Sep 26 18:33:28 raspberrypi kernel: [    6.962398] spi_master spi0: spi_device register error /soc/spi@7e204000/ads7846@1
Sep 26 18:33:28 raspberrypi kernel: [    6.962415] spi_master spi0: Failed to create SPI device for /soc/spi@7e204000/ads7846@1
Sep 26 18:33:28 raspberrypi kernel: [    7.632813] usbcore: registered new interface driver brcmfmac
Sep 26 18:33:28 raspberrypi kernel: [    7.808108] brcmfmac: Firmware version = wl0: Aug  7 2017 00:46:29 version 7.45.41.46 (r666254 CY) FWID 01-f8a78378
Sep 26 18:33:28 raspberrypi kernel: [    9.888218] spi0.1 supply vcc not found, using dummy regulator
Sep 26 18:33:28 raspberrypi kernel: [    9.892877] ads7846 spi0.1: touchscreen, irq 177
Sep 26 18:33:28 raspberrypi kernel: [    9.894959] input: ADS7846 Touchscreen as /devices/platform/soc/20204000.spi/spi_master/spi0/spi0.1/input/input0
Sep 26 18:33:28 raspberrypi kernel: [    9.962801] fbtft: module is from the staging directory, the quality is unknown, you have been warned.
Sep 26 18:33:28 raspberrypi kernel: [   10.032114] fb_ili9486: module is from the staging directory, the quality is unknown, you have been warned.
Sep 26 18:33:28 raspberrypi kernel: [   10.033067] fbtft_of_value: regwidth = 16
Sep 26 18:33:28 raspberrypi kernel: [   10.033080] fbtft_of_value: buswidth = 8
Sep 26 18:33:28 raspberrypi kernel: [   10.033088] fbtft_of_value: debug = 0
Sep 26 18:33:28 raspberrypi kernel: [   10.033094] fbtft_of_value: rotate = 270
Sep 26 18:33:28 raspberrypi kernel: [   10.033100] fbtft_of_value: fps = 30
Sep 26 18:33:28 raspberrypi kernel: [   10.033106] fbtft_of_value: txbuflen = 32768
Sep 26 18:33:28 raspberrypi kernel: [   11.713898] graphics fb1: fb_ili9486 frame buffer, 480x320, 300 KiB video memory, 32 KiB DMA buffer memory, fps=33, spi0.0 at 15 MHz
Sep 26 18:33:28 raspberrypi kernel: [   13.030154] IPv6: ADDRCONF(NETDEV_UP): wlan0: link is not ready
Sep 26 18:33:28 raspberrypi kernel: [   13.030200] brcmfmac: power management disabled
Sep 26 18:33:28 raspberrypi kernel: [   13.451168] brcmfmac: power management disabled
Sep 26 18:33:29 raspberrypi kernel: [   14.431406] uart-pl011 20201000.serial: no DMA platform data
Sep 26 18:33:30 raspberrypi kernel: [   16.159296] ip_tables: (C) 2000-2006 Netfilter Core Team
Sep 26 18:33:31 raspberrypi kernel: [   16.439840] nf_conntrack version 0.5.0 (7168 buckets, 28672 max)
Sep 26 18:33:31 raspberrypi kernel: [   16.878475] Adding 102396k swap on /var/swap.  Priority:-1 extents:4 across:167932k SSFS
Sep 26 18:33:33 raspberrypi kernel: [   18.248818] IPv6: ADDRCONF(NETDEV_CHANGE): wlan0: link becomes ready
Sep 26 18:33:33 raspberrypi kernel: [   19.043835] Bluetooth: Core ver 2.22
Sep 26 18:33:33 raspberrypi kernel: [   19.044020] NET: Registered protocol family 31
Sep 26 18:33:33 raspberrypi kernel: [   19.044029] Bluetooth: HCI device and connection manager initialized
Sep 26 18:33:33 raspberrypi kernel: [   19.046200] Bluetooth: HCI socket layer initialized
Sep 26 18:33:33 raspberrypi kernel: [   19.046225] Bluetooth: L2CAP socket layer initialized
Sep 26 18:33:33 raspberrypi kernel: [   19.046295] Bluetooth: SCO socket layer initialized
Sep 26 18:33:33 raspberrypi kernel: [   19.086976] Bluetooth: HCI UART driver ver 2.3
Sep 26 18:33:33 raspberrypi kernel: [   19.086994] Bluetooth: HCI UART protocol H4 registered
Sep 26 18:33:33 raspberrypi kernel: [   19.086999] Bluetooth: HCI UART protocol Three-wire (H5) registered
Sep 26 18:33:33 raspberrypi kernel: [   19.087176] Bluetooth: HCI UART protocol Broadcom registered
Sep 26 18:33:35 raspberrypi kernel: [   20.336483] Bluetooth: BNEP (Ethernet Emulation) ver 1.3
Sep 26 18:33:35 raspberrypi kernel: [   20.336497] Bluetooth: BNEP filters: protocol multicast
Sep 26 18:33:35 raspberrypi kernel: [   20.336530] Bluetooth: BNEP socket layer initialized
Sep 26 18:34:29 raspberrypi kernel: [   74.980161] random: crng init done
Sep 26 18:36:33 raspberrypi kernel: [  198.453421] brcmfmac: brcmf_cfg80211_stop_ap: setting INFRA mode failed -7
Sep 26 18:36:56 raspberrypi kernel: [    0.000000] Booting Linux on physical CPU 0x0
Sep 26 18:36:56 raspberrypi kernel: [    0.000000] Linux version 4.9.35+ (dc4@dc4-XPS13-9333) (gcc version 4.9.3 (crosstool-NG crosstool-ng-1.22.0-88-g8460611) ) #1014 Fri Jun 30 14:34:49 BST 2017
Sep 26 18:36:56 raspberrypi kernel: [    0.000000] CPU: ARMv6-compatible processor [410fb767] revision 7 (ARMv7), cr=00c5387d
Sep 26 18:36:56 raspberrypi kernel: [    0.000000] CPU: PIPT / VIPT nonaliasing data cache, VIPT nonaliasing instruction cache
Sep 26 18:36:56 raspberrypi kernel: [    0.000000] OF: fdt:Machine model: Raspberry Pi Zero W Rev 1.1
Sep 26 18:36:56 raspberrypi kernel: [    0.000000] cma: Reserved 8 MiB at 0x1b400000
Sep 26 18:36:56 raspberrypi kernel: [    0.000000] Memory policy: Data cache writeback
Sep 26 18:36:56 raspberrypi kernel: [    0.000000] On node 0 totalpages: 114688
Sep 26 18:36:56 raspberrypi kernel: [    0.000000] free_area_init_node: node 0, pgdat c0914874, node_mem_map db010000
Sep 26 18:36:56 raspberrypi kernel: [    0.000000]   Normal zone: 1008 pages used for memmap
Sep 26 18:36:56 raspberrypi kernel: [    0.000000]   Normal zone: 0 pages reserved
Sep 26 18:36:56 raspberrypi kernel: [    0.000000]   Normal zone: 114688 pages, LIFO batch:31
Sep 26 18:36:56 raspberrypi kernel: [    0.000000] pcpu-alloc: s0 r0 d32768 u32768 alloc=1*32768
Sep 26 18:36:56 raspberrypi kernel: [    0.000000] pcpu-alloc: [0] 0 
Sep 26 18:36:56 raspberrypi kernel: [    0.000000] Built 1 zonelists in Zone order, mobility grouping on.  Total pages: 113680
Sep 26 18:36:56 raspberrypi kernel: [    0.000000] Kernel command line: 8250.nr_uarts=1 bcm2708_fb.fbwidth=640 bcm2708_fb.fbheight=480 bcm2708_fb.fbswap=1 smsc95xx.macaddr=B8:27:EB:5C:98:6F vc_mem.mem_base=0x1ec00000 vc_mem.mem_size=0x20000000  dwc_otg.lpm_enable=0 console=tty1 root=/dev/mmcblk0p2 rootfstype=ext4 elevator=deadline rootwait fbcon=map:10 fbcon=font:ProFont6x11 logo.nologo
Sep 26 18:36:56 raspberrypi kernel: [    0.000000] PID hash table entries: 2048 (order: 1, 8192 bytes)
Sep 26 18:36:56 raspberrypi kernel: [    0.000000] Dentry cache hash table entries: 65536 (order: 6, 262144 bytes)
Sep 26 18:36:56 raspberrypi kernel: [    0.000000] Inode-cache hash table entries: 32768 (order: 5, 131072 bytes)
Sep 26 18:36:56 raspberrypi kernel: [    0.000000] Memory: 435936K/458752K available (5946K kernel code, 489K rwdata, 1948K rodata, 400K init, 734K bss, 14624K reserved, 8192K cma-reserved)
Sep 26 18:36:56 raspberrypi kernel: [    0.000000] Virtual kernel memory layout:
Sep 26 18:36:56 raspberrypi kernel: [    0.000000]     vector  : 0xffff0000 - 0xffff1000   (   4 kB)
Sep 26 18:36:56 raspberrypi kernel: [    0.000000]     fixmap  : 0xffc00000 - 0xfff00000   (3072 kB)
Sep 26 18:36:56 raspberrypi kernel: [    0.000000]     vmalloc : 0xdc800000 - 0xff800000   ( 560 MB)
Sep 26 18:36:56 raspberrypi kernel: [    0.000000]     lowmem  : 0xc0000000 - 0xdc000000   ( 448 MB)
Sep 26 18:36:56 raspberrypi kernel: [    0.000000]     modules : 0xbf000000 - 0xc0000000   (  16 MB)
Sep 26 18:36:56 raspberrypi kernel: [    0.000000]       .text : 0xc0008000 - 0xc05d6bbc   (5947 kB)
Sep 26 18:36:56 raspberrypi kernel: [    0.000000]       .init : 0xc0840000 - 0xc08a4000   ( 400 kB)
Sep 26 18:36:56 raspberrypi kernel: [    0.000000]       .data : 0xc08a4000 - 0xc091e728   ( 490 kB)
Sep 26 18:36:56 raspberrypi kernel: [    0.000000]        .bss : 0xc091e728 - 0xc09d5f28   ( 734 kB)
Sep 26 18:36:56 raspberrypi kernel: [    0.000000] SLUB: HWalign=32, Order=0-3, MinObjects=0, CPUs=1, Nodes=1
Sep 26 18:36:56 raspberrypi kernel: [    0.000000] NR_IRQS:16 nr_irqs:16 16
Sep 26 18:36:56 raspberrypi kernel: [    0.000028] sched_clock: 32 bits at 1000kHz, resolution 1000ns, wraps every 2147483647500ns
Sep 26 18:36:56 raspberrypi kernel: [    0.000073] clocksource: timer: mask: 0xffffffff max_cycles: 0xffffffff, max_idle_ns: 1911260446275 ns
Sep 26 18:36:56 raspberrypi kernel: [    0.000171] bcm2835: system timer (irq = 27)
Sep 26 18:36:56 raspberrypi kernel: [    0.000665] Console: colour dummy device 80x30
Sep 26 18:36:56 raspberrypi kernel: [    0.001426] console [tty1] enabled
Sep 26 18:36:56 raspberrypi kernel: [    0.001487] Calibrating delay loop... 697.95 BogoMIPS (lpj=3489792)
Sep 26 18:36:56 raspberrypi kernel: [    0.060348] pid_max: default: 32768 minimum: 301
Sep 26 18:36:56 raspberrypi kernel: [    0.060814] Mount-cache hash table entries: 1024 (order: 0, 4096 bytes)
Sep 26 18:36:56 raspberrypi kernel: [    0.060883] Mountpoint-cache hash table entries: 1024 (order: 0, 4096 bytes)
Sep 26 18:36:56 raspberrypi kernel: [    0.062004] Disabling cpuset control group subsystem
Sep 26 18:36:56 raspberrypi kernel: [    0.062281] CPU: Testing write buffer coherency: ok
Sep 26 18:36:56 raspberrypi kernel: [    0.062388] ftrace: allocating 21712 entries in 64 pages
Sep 26 18:36:56 raspberrypi kernel: [    0.177068] Setting up static identity map for 0x8200 - 0x8238
Sep 26 18:36:56 raspberrypi kernel: [    0.179135] devtmpfs: initialized
Sep 26 18:36:56 raspberrypi kernel: [    0.188742] VFP support v0.3: implementor 41 architecture 1 part 20 variant b rev 5
Sep 26 18:36:56 raspberrypi kernel: [    0.189235] clocksource: jiffies: mask: 0xffffffff max_cycles: 0xffffffff, max_idle_ns: 19112604462750000 ns
Sep 26 18:36:56 raspberrypi kernel: [    0.189333] futex hash table entries: 256 (order: -1, 3072 bytes)
Sep 26 18:36:56 raspberrypi kernel: [    0.190671] pinctrl core: initialized pinctrl subsystem
Sep 26 18:36:56 raspberrypi kernel: [    0.192185] NET: Registered protocol family 16
Sep 26 18:36:56 raspberrypi kernel: [    0.194677] DMA: preallocated 1024 KiB pool for atomic coherent allocations
Sep 26 18:36:56 raspberrypi kernel: [    0.204411] hw-breakpoint: found 6 breakpoint and 1 watchpoint registers.
Sep 26 18:36:56 raspberrypi kernel: [    0.204505] hw-breakpoint: maximum watchpoint size is 4 bytes.
Sep 26 18:36:56 raspberrypi kernel: [    0.204646] Serial: AMBA PL011 UART driver
Sep 26 18:36:56 raspberrypi kernel: [    0.207568] bcm2835-mbox 2000b880.mailbox: mailbox enabled
Sep 26 18:36:56 raspberrypi kernel: [    0.208361] uart-pl011 20201000.serial: could not find pctldev for node /soc/gpio@7e200000/uart0_pins, deferring probe
Sep 26 18:36:56 raspberrypi kernel: [    0.209182] irq: no irq domain found for /soc/aux@0x7e215000 !
Sep 26 18:36:56 raspberrypi kernel: [    0.258466] bcm2835-dma 20007000.dma: DMA legacy API manager at dc80d000, dmachans=0x1
Sep 26 18:36:56 raspberrypi kernel: [    0.261159] SCSI subsystem initialized
Sep 26 18:36:56 raspberrypi kernel: [    0.261470] usbcore: registered new interface driver usbfs
Sep 26 18:36:56 raspberrypi kernel: [    0.261648] usbcore: registered new interface driver hub
Sep 26 18:36:56 raspberrypi kernel: [    0.261891] usbcore: registered new device driver usb
Sep 26 18:36:56 raspberrypi kernel: [    0.267141] raspberrypi-firmware soc:firmware: Attached to firmware from 2017-07-03 14:16
Sep 26 18:36:56 raspberrypi kernel: [    0.269107] clocksource: Switched to clocksource timer
Sep 26 18:36:56 raspberrypi kernel: [    0.325343] VFS: Disk quotas dquot_6.6.0
Sep 26 18:36:56 raspberrypi kernel: [    0.325540] VFS: Dquot-cache hash table entries: 1024 (order 0, 4096 bytes)
Sep 26 18:36:56 raspberrypi kernel: [    0.325891] FS-Cache: Loaded
Sep 26 18:36:56 raspberrypi kernel: [    0.326295] CacheFiles: Loaded
Sep 26 18:36:56 raspberrypi kernel: [    0.345570] NET: Registered protocol family 2
Sep 26 18:36:56 raspberrypi kernel: [    0.347014] TCP established hash table entries: 4096 (order: 2, 16384 bytes)
Sep 26 18:36:56 raspberrypi kernel: [    0.347171] TCP bind hash table entries: 4096 (order: 2, 16384 bytes)
Sep 26 18:36:56 raspberrypi kernel: [    0.347303] TCP: Hash tables configured (established 4096 bind 4096)
Sep 26 18:36:56 raspberrypi kernel: [    0.347430] UDP hash table entries: 256 (order: 0, 4096 bytes)
Sep 26 18:36:56 raspberrypi kernel: [    0.347497] UDP-Lite hash table entries: 256 (order: 0, 4096 bytes)
Sep 26 18:36:56 raspberrypi kernel: [    0.347838] NET: Registered protocol family 1
